rk32_dp_reg.c:13:6:rk32_edp_enable_video_mute	0	static
rk32_dp_reg.c:28:6:rk32_edp_stop_video	0	static
rk32_dp_reg.c:37:6:rk32_edp_lane_swap	0	static
rk32_dp_reg.c:52:6:rk32_edp_init_refclk	0	static
rk32_dp_reg.c:133:6:rk32_edp_init_interrupt	0	static
rk32_dp_reg.c:154:6:rk32_edp_reset	32	static
rk32_dp_reg.c:199:6:rk32_edp_config_interrupt	0	static
rk32_dp_reg.c:216:5:rk32_edp_get_pll_lock_status	0	static
rk32_dp_reg.c:228:6:rk32_edp_analog_power_ctr	32	static
rk32_dp_reg.c:246:6:rk32_edp_init_analog_func	32	static
rk32_dp_reg.c:277:6:rk32_edp_init_hpd	0	static
rk32_dp_reg.c:292:6:rk32_edp_reset_aux	0	static
rk32_dp_reg.c:302:6:rk32_edp_init_aux	32	static
rk32_dp_reg.c:327:5:rk32_edp_get_plug_in_status	0	static
rk32_dp_reg.c:338:6:rk32_edp_enable_sw_function	0	static
rk32_dp_reg.c:346:5:rk32_edp_start_aux_transaction	48	static
rk32_dp_reg.c:403:5:rk32_edp_write_byte_to_dpcd	96	static
rk32_dp_reg.c:447:5:rk32_edp_read_byte_from_dpcd	96	static
rk32_dp_reg.c:491:5:rk32_edp_write_bytes_to_dpcd	128	static
rk32_dp_reg.c:555:5:rk32_edp_read_bytes_from_dpcd	128	static
rk32_dp_reg.c:619:5:rk32_edp_select_i2c_device	32	static
rk32_dp_reg.c:652:5:rk32_edp_read_byte_from_i2c	96	static
rk32_dp_reg.c:696:5:rk32_edp_read_bytes_from_i2c	112	static
rk32_dp_reg.c:763:6:rk32_edp_set_link_bandwidth	0	static
rk32_dp_reg.c:772:6:rk32_edp_get_link_bandwidth	0	static
rk32_dp_reg.c:780:6:rk32_edp_hw_link_training_en	0	static
rk32_dp_reg.c:787:5:rk32_edp_wait_hw_lt_done	0	static
rk32_dp_reg.c:804:5:rk32_edp_get_hw_lt_status	0	static
rk32_dp_reg.c:810:6:rk32_edp_set_lane_count	0	static
rk32_dp_reg.c:818:6:rk32_edp_get_lane_count	0	static
rk32_dp_reg.c:826:6:rk32_edp_enable_enhanced_mode	0	static
rk32_dp_reg.c:841:6:rk32_edp_set_training_pattern	0	static
rk32_dp_reg.c:874:6:rk32_edp_set_lane0_pre_emphasis	0	static
rk32_dp_reg.c:882:6:rk32_edp_set_lane1_pre_emphasis	0	static
rk32_dp_reg.c:890:6:rk32_edp_set_lane2_pre_emphasis	0	static
rk32_dp_reg.c:898:6:rk32_edp_set_lane3_pre_emphasis	0	static
rk32_dp_reg.c:906:6:rk32_edp_set_lane0_link_training	0	static
rk32_dp_reg.c:915:6:rk32_edp_set_lane1_link_training	0	static
rk32_dp_reg.c:924:6:rk32_edp_set_lane2_link_training	0	static
rk32_dp_reg.c:933:6:rk32_edp_set_lane3_link_training	0	static
rk32_dp_reg.c:942:5:rk32_edp_get_lane0_link_training	0	static
rk32_dp_reg.c:950:5:rk32_edp_get_lane1_link_training	0	static
rk32_dp_reg.c:958:5:rk32_edp_get_lane2_link_training	0	static
rk32_dp_reg.c:966:5:rk32_edp_get_lane3_link_training	0	static
rk32_dp_reg.c:974:6:rk32_edp_reset_macro	0	static
rk32_dp_reg.c:989:5:rk32_edp_init_video	0	static
rk32_dp_reg.c:1011:6:rk32_edp_set_video_color_format	0	static
rk32_dp_reg.c:1035:5:rk32_edp_is_slave_video_stream_clock_on	16	static
rk32_dp_reg.c:1062:6:rk32_edp_set_video_cr_mn	0	static
rk32_dp_reg.c:1097:6:rk32_edp_set_video_timing_mode	0	static
rk32_dp_reg.c:1182:6:rk32_edp_enable_video_master	0	static
rk32_dp_reg.c:1199:6:rk32_edp_start_video	0	static
rk32_dp_reg.c:1208:5:rk32_edp_is_video_stream_on	0	static
rk32_dp_reg.c:1224:6:rk32_edp_config_video_slave_mode	0	static
rk32_dp_reg.c:1252:6:rk32_edp_enable_scrambling	0	static
rk32_dp_reg.c:1261:6:rk32_edp_disable_scrambling	0	static
rk32_dp_reg.c:1270:18:rk32_edp_get_irq_type	0	static
rk32_dp_reg.c:1288:6:rk32_edp_clear_hotplug_interrupts	0	static
