rockchip_analogix_dp_reg.c:36:13:analogix_dp_write.isra.0	0	static
rockchip_analogix_dp_reg.c:43:12:analogix_dp_read.isra.1	0	static
rockchip_analogix_dp_reg.c:50:6:analogix_dp_enable_video_mute	32	static
rockchip_analogix_dp_reg.c:65:6:analogix_dp_stop_video	32	static
rockchip_analogix_dp_reg.c:74:6:analogix_dp_lane_swap	0	static
rockchip_analogix_dp_reg.c:88:6:analogix_dp_init_analog_param	32	static
rockchip_analogix_dp_reg.c:123:6:analogix_dp_init_interrupt	32	static
rockchip_analogix_dp_reg.c:143:6:analogix_dp_reset	32	static
rockchip_analogix_dp_reg.c:188:6:analogix_dp_swreset	0	static
rockchip_analogix_dp_reg.c:193:6:analogix_dp_config_interrupt	32	static
rockchip_analogix_dp_reg.c:214:6:analogix_dp_mute_hpd_interrupt	32	static
rockchip_analogix_dp_reg.c:228:6:analogix_dp_unmute_hpd_interrupt	32	static
rockchip_analogix_dp_reg.c:240:17:analogix_dp_get_pll_lock_status	16	static
rockchip_analogix_dp_reg.c:251:6:analogix_dp_set_pll_power_down	32	static
rockchip_analogix_dp_reg.c:266:6:analogix_dp_set_analog_power_down	32	static
rockchip_analogix_dp_reg.c:357:6:analogix_dp_init_analog_func	32	static
rockchip_analogix_dp_reg.c:392:6:analogix_dp_clear_hotplug_interrupts	32	static
rockchip_analogix_dp_reg.c:406:6:analogix_dp_init_hpd	32	static
rockchip_analogix_dp_reg.c:420:6:analogix_dp_force_hpd	32	static
rockchip_analogix_dp_reg.c:429:18:analogix_dp_get_irq_type	16	static
rockchip_analogix_dp_reg.c:456:6:analogix_dp_reset_aux	32	static
rockchip_analogix_dp_reg.c:466:6:analogix_dp_init_aux	32	static
rockchip_analogix_dp_reg.c:497:5:analogix_dp_get_plug_in_status	16	static
rockchip_analogix_dp_reg.c:513:6:analogix_dp_enable_sw_function	32	static
rockchip_analogix_dp_reg.c:522:5:analogix_dp_start_aux_transaction	48	static
rockchip_analogix_dp_reg.c:566:5:analogix_dp_write_byte_to_dpcd	64	static
rockchip_analogix_dp_reg.c:610:5:analogix_dp_read_byte_from_dpcd	96	static
rockchip_analogix_dp_reg.c:654:5:analogix_dp_write_bytes_to_dpcd	128	static
rockchip_analogix_dp_reg.c:718:5:analogix_dp_read_bytes_from_dpcd	128	static
rockchip_analogix_dp_reg.c:784:5:analogix_dp_select_i2c_device	32	static
rockchip_analogix_dp_reg.c:817:5:analogix_dp_read_byte_from_i2c	64	static
rockchip_analogix_dp_reg.c:861:5:analogix_dp_read_bytes_from_i2c	112	static
rockchip_analogix_dp_reg.c:933:6:analogix_dp_set_link_bandwidth	0	static
rockchip_analogix_dp_reg.c:941:6:analogix_dp_get_link_bandwidth	32	static
rockchip_analogix_dp_reg.c:949:6:analogix_dp_set_lane_count	0	static
rockchip_analogix_dp_reg.c:957:6:analogix_dp_get_lane_count	32	static
rockchip_analogix_dp_reg.c:965:6:analogix_dp_enable_enhanced_mode	32	static
rockchip_analogix_dp_reg.c:981:6:analogix_dp_set_training_pattern	0	static
rockchip_analogix_dp_reg.c:1018:6:analogix_dp_set_lane0_pre_emphasis	32	static
rockchip_analogix_dp_reg.c:1029:6:analogix_dp_set_lane1_pre_emphasis	32	static
rockchip_analogix_dp_reg.c:1040:6:analogix_dp_set_lane2_pre_emphasis	32	static
rockchip_analogix_dp_reg.c:1051:6:analogix_dp_set_lane3_pre_emphasis	32	static
rockchip_analogix_dp_reg.c:1062:6:analogix_dp_set_lane0_link_training	0	static
rockchip_analogix_dp_reg.c:1071:6:analogix_dp_set_lane1_link_training	0	static
rockchip_analogix_dp_reg.c:1080:6:analogix_dp_set_lane2_link_training	0	static
rockchip_analogix_dp_reg.c:1089:6:analogix_dp_set_lane3_link_training	0	static
rockchip_analogix_dp_reg.c:1098:5:analogix_dp_get_lane0_link_training	0	static
rockchip_analogix_dp_reg.c:1106:5:analogix_dp_get_lane1_link_training	0	static
rockchip_analogix_dp_reg.c:1114:5:analogix_dp_get_lane2_link_training	0	static
rockchip_analogix_dp_reg.c:1122:5:analogix_dp_get_lane3_link_training	0	static
rockchip_analogix_dp_reg.c:1130:6:analogix_dp_reset_macro	32	static
rockchip_analogix_dp_reg.c:1145:6:analogix_dp_init_video	32	static
rockchip_analogix_dp_reg.c:1165:6:analogix_dp_set_video_color_format	32	static
rockchip_analogix_dp_reg.c:1185:5:analogix_dp_is_slave_video_stream_clock_on	32	static
rockchip_analogix_dp_reg.c:1213:6:analogix_dp_set_video_cr_mn	48	static
rockchip_analogix_dp_reg.c:1247:6:analogix_dp_set_video_timing_mode	32	static
rockchip_analogix_dp_reg.c:1262:6:analogix_dp_enable_video_master	32	static
rockchip_analogix_dp_reg.c:1279:6:analogix_dp_start_video	32	static
rockchip_analogix_dp_reg.c:1288:5:analogix_dp_is_video_stream_on	32	static
rockchip_analogix_dp_reg.c:1304:6:analogix_dp_config_video_slave_mode	32	static
rockchip_analogix_dp_reg.c:1332:6:analogix_dp_enable_scrambling	32	static
rockchip_analogix_dp_reg.c:1341:6:analogix_dp_disable_scrambling	32	static
