
Discarded input sections

 .data          0x0000000000000000        0x0 arch/arm/cpu/armv8/start.o
 .bss           0x0000000000000000        0x0 arch/arm/cpu/armv8/start.o
 .text.set_pgtable_section
                0x0000000000000000       0x14 arch/arm/cpu/armv8/built-in.o
 .text.dcache_status
                0x0000000000000000       0x34 arch/arm/cpu/armv8/built-in.o
 .text.icache_status
                0x0000000000000000       0x34 arch/arm/cpu/armv8/built-in.o
 .text.enable_caches
                0x0000000000000000       0x14 arch/arm/cpu/armv8/built-in.o
 .data          0x0000000000000000        0x0 arch/arm/cpu/armv8/built-in.o
 .bss           0x0000000000000000        0x0 arch/arm/cpu/armv8/built-in.o
 .text          0x0000000000000000        0x0 arch/arm/cpu/armv8/rk33xx/built-in.o
 .text.rk_get_cpu_version
                0x0000000000000000        0x8 arch/arm/cpu/armv8/rk33xx/built-in.o
 .text.get_usec_timer
                0x0000000000000000       0xb8 arch/arm/cpu/armv8/rk33xx/built-in.o
 .text.rkclk_set_pll_rate_by_id
                0x0000000000000000       0x28 arch/arm/cpu/armv8/rk33xx/built-in.o
 .text.rkclk_get_pll_rate_by_id
                0x0000000000000000        0x4 arch/arm/cpu/armv8/rk33xx/built-in.o
 .text.rkclk_get_sdhci_emmc_clk
                0x0000000000000000       0x84 arch/arm/cpu/armv8/rk33xx/built-in.o
 .text.rkclk_set_mmc_clk_freq
                0x0000000000000000      0x1b0 arch/arm/cpu/armv8/rk33xx/built-in.o
 .text.rkclk_set_mmc_tuning
                0x0000000000000000        0x8 arch/arm/cpu/armv8/rk33xx/built-in.o
 .text.rkclk_get_spi_clk
                0x0000000000000000       0x8c arch/arm/cpu/armv8/rk33xx/built-in.o
 .text.rkcru_pcie_soft_reset
                0x0000000000000000       0x8c arch/arm/cpu/armv8/rk33xx/built-in.o
 .text.gic_set_irq_type
                0x0000000000000000       0xac arch/arm/cpu/armv8/rk33xx/built-in.o
 .text.gpio_irq_set_type
                0x0000000000000000      0x124 arch/arm/cpu/armv8/rk33xx/built-in.o
 .text.irq_set_irq_type
                0x0000000000000000       0x38 arch/arm/cpu/armv8/rk33xx/built-in.o
 .text.rk_pm_wakeup_gpio_init
                0x0000000000000000       0x78 arch/arm/cpu/armv8/rk33xx/built-in.o
 .text.rk_pm_wakeup_gpio_deinit
                0x0000000000000000       0x64 arch/arm/cpu/armv8/rk33xx/built-in.o
 .text.rk_pm_enter
                0x0000000000000000       0x50 arch/arm/cpu/armv8/rk33xx/built-in.o
 .rodata.__func__.5452
                0x0000000000000000       0x18 arch/arm/cpu/armv8/rk33xx/built-in.o
 .rodata.gic_set_irq_type
                0x0000000000000000        0x8 arch/arm/cpu/armv8/rk33xx/built-in.o
 .rodata.gpio_irq_set_type
                0x0000000000000000        0x8 arch/arm/cpu/armv8/rk33xx/built-in.o
 .data          0x0000000000000000        0x0 arch/arm/cpu/armv8/rk33xx/built-in.o
 .bss           0x0000000000000000        0x0 arch/arm/cpu/armv8/rk33xx/built-in.o
 .text.flush_cache
                0x0000000000000000        0x4 arch/arm/lib/built-in.o
 .text.flush_dcache_all
                0x0000000000000000        0xc arch/arm/lib/built-in.o
 .text.enable_caches
                0x0000000000000000        0xc arch/arm/lib/built-in.o
 .data          0x0000000000000000        0x0 arch/arm/lib/built-in.o
 .__secure_start
                0x0000000000000000        0x0 arch/arm/lib/built-in.o
 .__end         0x0000000000000000        0x0 arch/arm/lib/built-in.o
 .__secure_end  0x0000000000000000        0x0 arch/arm/lib/built-in.o
 .bss           0x0000000000000000        0x0 arch/arm/lib/built-in.o
 .text          0x0000000000000000        0x0 board/rockchip/common/built-in.o
 .text.blk_SHA1_Block
                0x0000000000000000     0x13e8 board/rockchip/common/built-in.o
 .text.SHA_init
                0x0000000000000000       0x44 board/rockchip/common/built-in.o
 .text.SHA_update
                0x0000000000000000       0xdc board/rockchip/common/built-in.o
 .text.SHA_final
                0x0000000000000000       0xdc board/rockchip/common/built-in.o
 .text.P_RC4_ext
                0x0000000000000000      0x10c board/rockchip/common/built-in.o
 .text.DRVDelayMs
                0x0000000000000000        0xc board/rockchip/common/built-in.o
 .text.EmmcPowerEn
                0x0000000000000000       0x44 board/rockchip/common/built-in.o
 .text.SCUSetSDClkFreq
                0x0000000000000000        0x8 board/rockchip/common/built-in.o
 .text.SCUSetTuning
                0x0000000000000000        0x8 board/rockchip/common/built-in.o
 .text.dump_disk_partitions
                0x0000000000000000       0x7c board/rockchip/common/built-in.o
 .text.rkidb_get_rc4_flag
                0x0000000000000000       0x54 board/rockchip/common/built-in.o
 .text.rkidb_get_mac_address
                0x0000000000000000       0x98 board/rockchip/common/built-in.o
 .text.rkidb_get_hdcp_key
                0x0000000000000000       0x54 board/rockchip/common/built-in.o
[...]
Memory Configuration

Name             Origin             Length             Attributes
*default*        0x0000000000000000 0xffffffffffffffff

Linker script and memory map

Address of section .text set to 0x200000
                0x0000000000000000                . = 0x0
                0x0000000000000000                . = ALIGN (0x8)

.text           0x0000000000200000    0x5426c
 *(.__image_copy_start)
 .__image_copy_start
                0x0000000000200000        0x0 arch/arm/lib/built-in.o
                0x0000000000200000                __image_copy_start
 arch/arm/cpu/armv8/start.o(.text*)
 .text          0x0000000000200000      0x3a8 arch/arm/cpu/armv8/start.o
                0x0000000000200000                _start
                0x0000000000200008                RSA_KEY_TAG
                0x000000000020000c                RSA_KEY_LENGTH
                0x0000000000200010                RSA_KEY_DATA
                0x0000000000200208                LoaderTagCheck
                0x0000000000200220                _TEXT_BASE
                0x0000000000200228                _end_ofs
                0x0000000000200230                _bss_start_ofs
                0x0000000000200238                _bss_end_ofs
                0x00000000002002c8                apply_core_errata
                0x00000000002002ec                lowlevel_init
                0x0000000000200334                smp_kick_all_cpus
                0x0000000000200348                c_runtime_cpu_setup
 *(.text*)
 *fill*         0x00000000002003a8      0x458 
 .text          0x0000000000200800     0x1600 arch/arm/cpu/armv8/built-in.o
                0x0000000000200800                vectors
                0x0000000000201800                __asm_flush_dcache_level
                0x0000000000201864                __asm_dcache_all
                0x00000000002018c4                __asm_flush_dcache_all
                0x00000000002018d8                __asm_invalidate_dcache_all
                0x00000000002018ec                __asm_flush_dcache_range
                0x0000000000201920                __asm_invalidate_icache_all
                0x000000000020192c                __asm_invalidate_tlb_all
                0x0000000000201978                armv8_switch_to_el2
                0x00000000002019d8                armv8_switch_to_el1
                0x0000000000201b00                cpu_suspend
                0x0000000000201ba0                cpu_do_suspend
                0x0000000000201c0c                cpu_resume
                0x0000000000201c2c                cpu_do_resume
 .text.cleanup_before_linux
                0x0000000000201e00       0x24 arch/arm/cpu/armv8/built-in.o
                0x0000000000201e00                cleanup_before_linux
 .text.invalidate_dcache_all
                0x0000000000201e24        0x4 arch/arm/cpu/armv8/built-in.o
                0x0000000000201e24                invalidate_dcache_all
 .text.flush_l3_cache
                0x0000000000201e28        0x4 arch/arm/cpu/armv8/built-in.o
                0x0000000000201e28                flush_l3_cache
 .text.flush_dcache_all
                0x0000000000201e2c       0x14 arch/arm/cpu/armv8/built-in.o
                0x0000000000201e2c                flush_dcache_all
 .text.invalidate_dcache_range
                0x0000000000201e40        0x4 arch/arm/cpu/armv8/built-in.o
                0x0000000000201e40                invalidate_dcache_range
 .text.flush_dcache_range
                0x0000000000201e44        0x4 arch/arm/cpu/armv8/built-in.o
                0x0000000000201e44                flush_dcache_range
 .text.dcache_enable
                0x0000000000201e48      0x20c arch/arm/cpu/armv8/built-in.o
                0x0000000000201e48                dcache_enable
 .text.dcache_disable
                0x0000000000202054       0x88 arch/arm/cpu/armv8/built-in.o
                0x0000000000202054                dcache_disable
 .text.icache_enable
                0x00000000002020dc       0x74 arch/arm/cpu/armv8/built-in.o
                0x00000000002020dc                icache_enable
 .text.icache_disable
                0x0000000000202150       0x64 arch/arm/cpu/armv8/built-in.o
                0x0000000000202150                icache_disable
 .text.invalidate_icache_all
                0x00000000002021b4        0x4 arch/arm/cpu/armv8/built-in.o
                0x00000000002021b4                invalidate_icache_all
 .text.flush_cache
                0x00000000002021b8        0x8 arch/arm/cpu/armv8/built-in.o
                0x00000000002021b8                flush_cache
 .text.cpu_suspend_save
                0x00000000002021c0       0x2c arch/arm/cpu/armv8/built-in.o
                0x00000000002021c0                cpu_suspend_save
 .text.enable_caches
                0x00000000002021ec       0x14 arch/arm/cpu/armv8/rk33xx/built-in.o
                0x00000000002021ec                enable_caches
 .text.rk_get_bootrom_chip_version
                0x0000000000202200       0x2c arch/arm/cpu/armv8/rk33xx/built-in.o
                0x0000000000202200                rk_get_bootrom_chip_version
 .text.rk_get_chiptype
                0x000000000020222c       0x24 arch/arm/cpu/armv8/rk33xx/built-in.o
                0x000000000020222c                rk_get_chiptype
 .text.arch_cpu_init
                0x0000000000202250       0x60 arch/arm/cpu/armv8/rk33xx/built-in.o
                0x0000000000202250                arch_cpu_init
 .text.print_cpuinfo
                0x00000000002022b0       0x58 arch/arm/cpu/armv8/rk33xx/built-in.o
                0x00000000002022b0                print_cpuinfo
 .text.reset_timer_masked
                0x0000000000202308       0x1c arch/arm/cpu/armv8/rk33xx/built-in.o
                0x0000000000202308                reset_timer_masked
 .text.timer_init
                0x0000000000202324       0x34 arch/arm/cpu/armv8/rk33xx/built-in.o
                0x0000000000202324                timer_init
 .text.__udelay
                0x0000000000202358       0xa0 arch/arm/cpu/armv8/rk33xx/built-in.o
                0x0000000000202358                __udelay
 .text.get_timer_masked
                0x00000000002023f8       0xa4 arch/arm/cpu/armv8/rk33xx/built-in.o
                0x00000000002023f8                get_timer_masked
 .text.get_timer
                0x000000000020249c       0x24 arch/arm/cpu/armv8/rk33xx/built-in.o
                0x000000000020249c                get_timer
 .text.get_ticks
                0x00000000002024c0        0x4 arch/arm/cpu/armv8/rk33xx/built-in.o
                0x00000000002024c0                get_ticks
 .text.get_tbclk
                0x00000000002024c4        0x8 arch/arm/cpu/armv8/rk33xx/built-in.o
                0x00000000002024c4                get_tbclk
 .text.rkclk_pll_get_rate
                0x00000000002024cc      0x188 arch/arm/cpu/armv8/rk33xx/built-in.o
 .text.rkclk_pll_set_mode
                0x0000000000202654       0x9c arch/arm/cpu/armv8/rk33xx/built-in.o
 .text.rkclk_aplll_cb
                0x00000000002026f0       0x74 arch/arm/cpu/armv8/rk33xx/built-in.o
 .text.rkclk_ppll_cb
                0x0000000000202764       0x18 arch/arm/cpu/armv8/rk33xx/built-in.o
 .text.rkclk_gpll_cb
                0x000000000020277c       0x40 arch/arm/cpu/armv8/rk33xx/built-in.o
 .text.rkclk_pll_wait_lock
                0x00000000002027bc       0x90 arch/arm/cpu/armv8/rk33xx/built-in.o
 .text.rkclk_pll_set_rate
                0x000000000020284c      0x17c arch/arm/cpu/armv8/rk33xx/built-in.o
 .text.rkclk_pll_mode
                0x00000000002029c8       0xc4 arch/arm/cpu/armv8/rk33xx/built-in.o
                0x00000000002029c8                rkclk_pll_mode
 .text.rkclk_set_pll
                0x0000000000202a8c      0x228 arch/arm/cpu/armv8/rk33xx/built-in.o
                0x0000000000202a8c                rkclk_set_pll
 .text.rkclk_get_pll
                0x0000000000202cb4      0x168 arch/arm/cpu/armv8/rk33xx/built-in.o
                0x0000000000202cb4                rkclk_get_pll
 .text.rkclk_pll_set_any_freq
                0x0000000000202e1c      0x324 arch/arm/cpu/armv8/rk33xx/built-in.o
                0x0000000000202e1c                rkclk_pll_set_any_freq
 .text.rkclk_dump_pll
                0x0000000000203140       0xfc arch/arm/cpu/armv8/rk33xx/built-in.o
                0x0000000000203140                rkclk_dump_pll
 .text.rkclk_lcdc_dclk_pll_sel
                0x000000000020323c       0x4c arch/arm/cpu/armv8/rk33xx/built-in.o
                0x000000000020323c                rkclk_lcdc_dclk_pll_sel
 .text.rkclk_lcdc_clk_set
                0x0000000000203288      0x194 arch/arm/cpu/armv8/rk33xx/built-in.o
                0x0000000000203288                rkclk_lcdc_clk_set
 .text.rkclk_set_sdhci_emmc_clk
                0x000000000020341c       0x88 arch/arm/cpu/armv8/rk33xx/built-in.o
                0x000000000020341c                rkclk_set_sdhci_emmc_clk
 .text.rkclk_set_mmc_clk_src
                0x00000000002034a4       0x4c arch/arm/cpu/armv8/rk33xx/built-in.o
                0x00000000002034a4                rkclk_set_mmc_clk_src
 .text.rkclk_get_mmc_clk
                0x00000000002034f0       0x64 arch/arm/cpu/armv8/rk33xx/built-in.o
                0x00000000002034f0                rkclk_get_mmc_clk
 .text.rkclk_get_mmc_freq_from_gpll
                0x0000000000203554       0x30 arch/arm/cpu/armv8/rk33xx/built-in.o
                0x0000000000203554                rkclk_get_mmc_freq_from_gpll
 .text.rkclk_set_mmc_clk_div
                0x0000000000203584       0x48 arch/arm/cpu/armv8/rk33xx/built-in.o
                0x0000000000203584                rkclk_set_mmc_clk_div
 .text.rkclk_disable_mmc_tuning
                0x00000000002035cc        0x8 arch/arm/cpu/armv8/rk33xx/built-in.o
                0x00000000002035cc                rkclk_disable_mmc_tuning
 .text.rkclk_get_pwm_clk
                0x00000000002035d4       0xa8 arch/arm/cpu/armv8/rk33xx/built-in.o
                0x00000000002035d4                rkclk_get_pwm_clk
 .text.rkclk_get_i2c_clk
                0x000000000020367c      0x118 arch/arm/cpu/armv8/rk33xx/built-in.o
                0x000000000020367c                rkclk_get_i2c_clk
 .text.rkclk_set_crypto_clk
                0x0000000000203794       0x44 arch/arm/cpu/armv8/rk33xx/built-in.o
                0x0000000000203794                rkclk_set_crypto_clk
 .text.rkcru_cpu_soft_reset
                0x00000000002037d8       0x28 arch/arm/cpu/armv8/rk33xx/built-in.o
                0x00000000002037d8                rkcru_cpu_soft_reset
 .text.rkcru_mmc_soft_reset
                0x0000000000203800       0x60 arch/arm/cpu/armv8/rk33xx/built-in.o
                0x0000000000203800                rkcru_mmc_soft_reset
 .text.rkcru_i2c_soft_reset
                0x0000000000203860       0x60 arch/arm/cpu/armv8/rk33xx/built-in.o
                0x0000000000203860                rkcru_i2c_soft_reset
 .text.gic_handler_enable
                0x00000000002038c0       0x4c arch/arm/cpu/armv8/rk33xx/built-in.o
 .text.gic_handler_disable
                0x000000000020390c       0x4c arch/arm/cpu/armv8/rk33xx/built-in.o
 .text.gpio_irq_disable
                0x0000000000203958       0x5c arch/arm/cpu/armv8/rk33xx/built-in.o
 .text.gpio_irq_enable
                0x00000000002039b4       0x5c arch/arm/cpu/armv8/rk33xx/built-in.o
 .text.gpio_irq_handler
                0x0000000000203a10      0x138 arch/arm/cpu/armv8/rk33xx/built-in.o
 .text.irq_handler_enable
                0x0000000000203b48       0x38 arch/arm/cpu/armv8/rk33xx/built-in.o
                0x0000000000203b48                irq_handler_enable
 .text.irq_handler_disable
                0x0000000000203b80       0x38 arch/arm/cpu/armv8/rk33xx/built-in.o
                0x0000000000203b80                irq_handler_disable
 .text.irq_install_handler
                0x0000000000203bb8       0x48 arch/arm/cpu/armv8/rk33xx/built-in.o
                0x0000000000203bb8                irq_install_handler
 .text.irq_uninstall_handler
                0x0000000000203c00       0x18 arch/arm/cpu/armv8/rk33xx/built-in.o
                0x0000000000203c00                irq_uninstall_handler
 .text.enable_interrupts
                0x0000000000203c18        0x8 arch/arm/cpu/armv8/rk33xx/built-in.o
                0x0000000000203c18                enable_interrupts
 .text.disable_interrupts
                0x0000000000203c20        0xc arch/arm/cpu/armv8/rk33xx/built-in.o
                0x0000000000203c20                disable_interrupts
 .text.do_irq   0x0000000000203c2c       0x4c arch/arm/cpu/armv8/rk33xx/built-in.o
                0x0000000000203c2c                do_irq
 .text.arch_interrupt_init
                0x0000000000203c78       0xb8 arch/arm/cpu/armv8/rk33xx/built-in.o
                0x0000000000203c78                arch_interrupt_init
 .text.interrupt_init
                0x0000000000203d30        0x4 arch/arm/cpu/armv8/rk33xx/built-in.o
                0x0000000000203d30                interrupt_init
 .text.dram_bank_reserve
                0x0000000000203d34      0x1e0 arch/arm/cpu/armv8/rk33xx/built-in.o
 .text.dram_init
                0x0000000000203f14       0xa0 arch/arm/cpu/armv8/rk33xx/built-in.o
                0x0000000000203f14                dram_init
 .text.dram_init_banksize
                0x0000000000203fb4      0x218 arch/arm/cpu/armv8/rk33xx/built-in.o
                0x0000000000203fb4                dram_init_banksize
 .text.rk_iomux_sdcard_save
                0x00000000002041cc       0x28 arch/arm/cpu/armv8/rk33xx/built-in.o
                0x00000000002041cc                rk_iomux_sdcard_save
 .text.rk_iomux_sdcard_restore
                0x00000000002041f4       0x1c arch/arm/cpu/armv8/rk33xx/built-in.o
                0x00000000002041f4                rk_iomux_sdcard_restore
 .text.rk_iomux_config
                0x0000000000204210      0x274 arch/arm/cpu/armv8/rk33xx/built-in.o
                0x0000000000204210                rk_iomux_config
 .text.rk_module_deinit
                0x0000000000204484       0x18 arch/arm/cpu/armv8/rk33xx/built-in.o
                0x0000000000204484                rk_module_deinit
 .text.reset_cpu
                0x000000000020449c       0x28 arch/arm/cpu/armv8/rk33xx/built-in.o
                0x000000000020449c                reset_cpu
 *fill*         0x00000000002044c4        0x4 
 .text          0x00000000002044c8      0x290 arch/arm/lib/built-in.o
                0x00000000002044c8                _main
                0x0000000000204548                relocate_code
                0x0000000000204620                gic_init_secure
                0x0000000000204654                gic_init_secure_percpu
                0x0000000000204734                gic_kick_secondary_cpus
                0x0000000000204744                gic_wait_for_interrupt
 .text.arch_fixup_fdt
                0x0000000000204758      0x180 arch/arm/lib/built-in.o
                0x0000000000204758                arch_fixup_fdt
 .text.boot_jump_linux
                0x00000000002048d8       0x8c arch/arm/lib/built-in.o
 .text.arch_lmb_reserve
                0x0000000000204964       0x24 arch/arm/lib/built-in.o
                0x0000000000204964                arch_lmb_reserve
 .text.setup_board_tags
                0x0000000000204988        0x4 arch/arm/lib/built-in.o
                0x0000000000204988                setup_board_tags
 .text.boot_prep_linux
                0x000000000020498c      0x184 arch/arm/lib/built-in.o
 .text.do_bootm_linux
                0x0000000000204b10       0x74 arch/arm/lib/built-in.o
                0x0000000000204b10                do_bootm_linux
 .text.arch_reserve_stacks
                0x0000000000204b84       0x10 arch/arm/lib/built-in.o
                0x0000000000204b84                arch_reserve_stacks
 .text.show_regs
                0x0000000000204b94       0x84 arch/arm/lib/built-in.o
                0x0000000000204b94                show_regs
 .text.do_bad_sync
                0x0000000000204c18       0x30 arch/arm/lib/built-in.o
                0x0000000000204c18                do_bad_sync
 .text.do_bad_irq
                0x0000000000204c48       0x30 arch/arm/lib/built-in.o
                0x0000000000204c48                do_bad_irq
 .text.do_bad_fiq
                0x0000000000204c78       0x30 arch/arm/lib/built-in.o
                0x0000000000204c78                do_bad_fiq
 .text.do_bad_error
                0x0000000000204ca8       0x30 arch/arm/lib/built-in.o
                0x0000000000204ca8                do_bad_error
 .text.do_sync  0x0000000000204cd8       0x30 arch/arm/lib/built-in.o
                0x0000000000204cd8                do_sync
 .text.do_fiq   0x0000000000204d08       0x30 arch/arm/lib/built-in.o
                0x0000000000204d08                do_fiq
 .text.do_error
                0x0000000000204d38       0x30 arch/arm/lib/built-in.o
                0x0000000000204d38                do_error
 .text.reset_misc
                0x0000000000204d68        0x4 arch/arm/lib/built-in.o
                0x0000000000204d68                reset_misc
 .text.do_reset
                0x0000000000204d6c       0x38 arch/arm/lib/built-in.o
                0x0000000000204d6c                do_reset
 .text.CRC_32CheckBuffer
                0x0000000000204da4       0x6c board/rockchip/common/built-in.o
                0x0000000000204da4                CRC_32CheckBuffer
 .text.dmult    0x0000000000204e10       0x60 board/rockchip/common/built-in.o
 .text.NN_Cmp   0x0000000000204e70       0x44 board/rockchip/common/built-in.o
                0x0000000000204e70                NN_Cmp
 .text.NN_Assign
                0x0000000000204eb4       0x2c board/rockchip/common/built-in.o
                0x0000000000204eb4                NN_Assign
 .text.NN_Digits
                0x0000000000204ee0       0x34 board/rockchip/common/built-in.o
                0x0000000000204ee0                NN_Digits
 .text.NN_AssignZero
                0x0000000000204f14       0x28 board/rockchip/common/built-in.o
                0x0000000000204f14                NN_AssignZero
 .text.NN_Sub   0x0000000000204f3c       0x5c board/rockchip/common/built-in.o
                0x0000000000204f3c                NN_Sub
 .text.NN_Mult  0x0000000000204f98      0x134 board/rockchip/common/built-in.o
                0x0000000000204f98                NN_Mult
 .text.NN_LShift
                0x00000000002050cc       0x60 board/rockchip/common/built-in.o
                0x00000000002050cc                NN_LShift
 .text.NN_RShift
                0x000000000020512c       0x50 board/rockchip/common/built-in.o
                0x000000000020512c                NN_RShift
 .text.NN_Div   0x000000000020517c      0x390 board/rockchip/common/built-in.o
                0x000000000020517c                NN_Div
 .text.NN_Mod   0x000000000020550c       0x3c board/rockchip/common/built-in.o
                0x000000000020550c                NN_Mod
 .text.NN_ModMult
                0x0000000000205548       0x48 board/rockchip/common/built-in.o
                0x0000000000205548                NN_ModMult
 .text.NN_ModExp
                0x0000000000205590      0x188 board/rockchip/common/built-in.o
                0x0000000000205590                NN_ModExp
 .text.NN_Decode
                0x0000000000205718       0x78 board/rockchip/common/built-in.o
                0x0000000000205718                NN_Decode
 .text.NN_Encode
                0x0000000000205790       0x6c board/rockchip/common/built-in.o
                0x0000000000205790                NN_Encode
 .text.rsapublicfunc.constprop.7
                0x00000000002057fc      0x134 board/rockchip/common/built-in.o
 .text.rsaDecodeHash
                0x0000000000205930       0x6c board/rockchip/common/built-in.o
                0x0000000000205930                rsaDecodeHash
 .text.rsaCheckMD5
                0x000000000020599c       0x84 board/rockchip/common/built-in.o
                0x000000000020599c                rsaCheckMD5
 .text.P_RC4    0x0000000000205a20      0x11c board/rockchip/common/built-in.o
                0x0000000000205a20                P_RC4
 .text.ftl_memset
                0x0000000000205b3c        0x8 board/rockchip/common/built-in.o
                0x0000000000205b3c                ftl_memset
 .text.ftl_memcpy
                0x0000000000205b44       0x40 board/rockchip/common/built-in.o
                0x0000000000205b44                ftl_memcpy
 .text.ftl_memcmp
                0x0000000000205b84        0x8 board/rockchip/common/built-in.o
                0x0000000000205b84                ftl_memcmp
 .text.DRVDelayUs
                0x0000000000205b8c        0x8 board/rockchip/common/built-in.o
                0x0000000000205b8c                DRVDelayUs
 .text.CacheFlushDRegion
                0x0000000000205b94        0xc board/rockchip/common/built-in.o
                0x0000000000205b94                CacheFlushDRegion
 .text.CacheInvalidateDRegion
                0x0000000000205ba0       0x10 board/rockchip/common/built-in.o
                0x0000000000205ba0                CacheInvalidateDRegion
 .text.IReadLoaderFlag
                0x0000000000205bb0       0x10 board/rockchip/common/built-in.o
                0x0000000000205bb0                IReadLoaderFlag
 .text.ISetLoaderFlag
                0x0000000000205bc0       0x10 board/rockchip/common/built-in.o
                0x0000000000205bc0                ISetLoaderFlag
 .text.GetMmcCLK
                0x0000000000205bd0       0x1c board/rockchip/common/built-in.o
                0x0000000000205bd0                GetMmcCLK
 .text.SDCReset
                0x0000000000205bec       0x44 board/rockchip/common/built-in.o
                0x0000000000205bec                SDCReset
 .text.SCUSelSDClk
                0x0000000000205c30        0x4 board/rockchip/common/built-in.o
                0x0000000000205c30                SCUSelSDClk
 .text.sdmmcGpioInit
                0x0000000000205c34       0x10 board/rockchip/common/built-in.o
                0x0000000000205c34                sdmmcGpioInit
 .text.FW_NandDeInit
                0x0000000000205c44       0x20 board/rockchip/common/built-in.o
                0x0000000000205c44                FW_NandDeInit
 .text.rkplat_uart2UsbEn
                0x0000000000205c64       0x58 board/rockchip/common/built-in.o
                0x0000000000205c64                rkplat_uart2UsbEn
 .text.ParseAtoi
                0x0000000000205cbc       0xb4 board/rockchip/common/built-in.o
 .text.memparse
                0x0000000000205d70       0x70 board/rockchip/common/built-in.o
 .text.get_part
                0x0000000000205de0      0x1e0 board/rockchip/common/built-in.o
 .text.find_mtd_part
                0x0000000000205fc0       0x64 board/rockchip/common/built-in.o
 .text.CheckParam
                0x0000000000206024       0x84 board/rockchip/common/built-in.o
                0x0000000000206024                CheckParam
 .text.GetParam
                0x00000000002060a8       0x70 board/rockchip/common/built-in.o
                0x00000000002060a8                GetParam
 .text.ParseParam
                0x0000000000206118      0x6cc board/rockchip/common/built-in.o
                0x0000000000206118                ParseParam
 .text.get_disk_partition
                0x00000000002067e4       0x4c board/rockchip/common/built-in.o
                0x00000000002067e4                get_disk_partition
 .text.load_disk_partitions
                0x0000000000206830       0xa4 board/rockchip/common/built-in.o
                0x0000000000206830                load_disk_partitions
 .text.FindIDBlock.constprop.3
                0x00000000002068d4      0x13c board/rockchip/common/built-in.o
 .text.rkidb_update_loader
                0x0000000000206a10      0x90c board/rockchip/common/built-in.o
                0x0000000000206a10                rkidb_update_loader
 .text.rkidb_setup_space
                0x000000000020731c       0x48 board/rockchip/common/built-in.o
                0x000000000020731c                rkidb_setup_space
 .text.rkidb_get_idblk_data
                0x0000000000207364       0x34 board/rockchip/common/built-in.o
                0x0000000000207364                rkidb_get_idblk_data
 .text.rkidb_get_bootloader_ver
                0x0000000000207398       0x88 board/rockchip/common/built-in.o
                0x0000000000207398                rkidb_get_bootloader_ver
 .text.rkidb_get_sn
                0x0000000000207420       0x70 board/rockchip/common/built-in.o
                0x0000000000207420                rkidb_get_sn
 .text.rkloader_CopyFlash2Memory
                0x0000000000207490       0xac board/rockchip/common/built-in.o
                0x0000000000207490                rkloader_CopyFlash2Memory
 .text.rkloader_CopyMemory2Flash
                0x000000000020753c       0x78 board/rockchip/common/built-in.o
                0x000000000020753c                rkloader_CopyMemory2Flash
 .text.rkloader_change_cmd_for_recovery
                0x00000000002075b4      0x114 board/rockchip/common/built-in.o
                0x00000000002075b4                rkloader_change_cmd_for_recovery
 .text.rkloader_run_misc_cmd
                0x00000000002076c8      0x250 board/rockchip/common/built-in.o
                0x00000000002076c8                rkloader_run_misc_cmd
 .text.rkloader_fixInitrd
                0x0000000000207918       0xdc board/rockchip/common/built-in.o
                0x0000000000207918                rkloader_fixInitrd
 .text.rkloader_set_bootloader_msg
                0x00000000002079f4       0x70 board/rockchip/common/built-in.o
                0x00000000002079f4                rkloader_set_bootloader_msg
 .text.rkimg_load_image
                0x0000000000207a64       0xc0 board/rockchip/common/built-in.o
 .text.rkimg_handleDirectDownload
                0x0000000000207b24       0x9c board/rockchip/common/built-in.o
 .text.rkimg_handleSparseDownload
                0x0000000000207bc0      0x1d4 board/rockchip/common/built-in.o
 .text.rkimage_load_image
                0x0000000000207d94       0x84 board/rockchip/common/built-in.o
                0x0000000000207d94                rkimage_load_image
 .text.rkimage_partition_erase
                0x0000000000207e18       0x20 board/rockchip/common/built-in.o
                0x0000000000207e18                rkimage_partition_erase
 .text.rkimage_store_image
                0x0000000000207e38      0x73c board/rockchip/common/built-in.o
                0x0000000000207e38                rkimage_store_image
 .text.rkimage_handleDownload
                0x0000000000208574      0x1e0 board/rockchip/common/built-in.o
                0x0000000000208574                rkimage_handleDownload
 .text.rkimage_load_fdt
                0x0000000000208754      0x158 board/rockchip/common/built-in.o
                0x0000000000208754                rkimage_load_fdt
 .text.rkimage_load_fdt_ram
                0x00000000002088ac       0x90 board/rockchip/common/built-in.o
                0x00000000002088ac                rkimage_load_fdt_ram
 .text.rkimage_prepare_fdt
                0x000000000020893c       0xb0 board/rockchip/common/built-in.o
                0x000000000020893c                rkimage_prepare_fdt
 .text.GetPortState
                0x00000000002089ec       0xd0 board/rockchip/common/built-in.o
 .text.checkKey
                0x0000000000208abc       0x90 board/rockchip/common/built-in.o
                0x0000000000208abc                checkKey
 .text.key_init
                0x0000000000208b4c      0x300 board/rockchip/common/built-in.o
                0x0000000000208b4c                key_init
 .text.powerOn  0x0000000000208e4c       0x20 board/rockchip/common/built-in.o
                0x0000000000208e4c                powerOn
 .text.firefly_hwversion_setenv
                0x0000000000208e6c      0x2c0 board/rockchip/common/built-in.o
                0x0000000000208e6c                firefly_hwversion_setenv
 .text.GetKeySlotStr
                0x000000000020912c       0x34 board/rockchip/common/built-in.o
                0x000000000020912c                GetKeySlotStr
 .text.free_blob
                0x0000000000209160       0x18 board/rockchip/common/built-in.o
                0x0000000000209160                free_blob
 .text.free_cert_chain
                0x0000000000209178       0x60 board/rockchip/common/built-in.o
                0x0000000000209178                free_cert_chain
 .text.copy_from_buf
                0x00000000002091d8       0x3c board/rockchip/common/built-in.o
                0x00000000002091d8                copy_from_buf
 .text.copy_uint32_from_buf
                0x0000000000209214        0x8 board/rockchip/common/built-in.o
                0x0000000000209214                copy_uint32_from_buf
 .text.copy_blob_from_buf
                0x000000000020921c       0x84 board/rockchip/common/built-in.o
                0x000000000020921c                copy_blob_from_buf
 .text.copy_cert_chain_from_buf
                0x00000000002092a0       0xe4 board/rockchip/common/built-in.o
                0x00000000002092a0                copy_cert_chain_from_buf
 .text.validate_ca_header
                0x0000000000209384       0xb4 board/rockchip/common/built-in.o
                0x0000000000209384                validate_ca_header
 .text.WriteKeyToStorage
                0x0000000000209438       0x74 board/rockchip/common/built-in.o
                0x0000000000209438                WriteKeyToStorage
 .text.WriteCertToStorage
                0x00000000002094ac       0x80 board/rockchip/common/built-in.o
                0x00000000002094ac                WriteCertToStorage
 .text.WriteChainLengthToStorage
                0x000000000020952c       0x74 board/rockchip/common/built-in.o
                0x000000000020952c                WriteChainLengthToStorage
 .text.load_attestation_key
                0x00000000002095a0      0x35c board/rockchip/common/built-in.o
                0x00000000002095a0                load_attestation_key
 .text.board_fbt_run_recovery
                0x00000000002098fc       0x50 board/rockchip/common/built-in.o
 .text.board_fbt_request_start_fastboot
                0x000000000020994c       0x68 board/rockchip/common/built-in.o
 .text.board_fbt_set_reboot_type
                0x00000000002099b4       0x8c board/rockchip/common/built-in.o
                0x00000000002099b4                board_fbt_set_reboot_type
 .text.board_fbt_get_reboot_type
                0x0000000000209a40      0x178 board/rockchip/common/built-in.o
                0x0000000000209a40                board_fbt_get_reboot_type
 .text.board_fbt_key_pressed
                0x0000000000209bb8       0xc8 board/rockchip/common/built-in.o
                0x0000000000209bb8                board_fbt_key_pressed
 .text.board_fbt_finalize_bootargs
                0x0000000000209c80       0x78 board/rockchip/common/built-in.o
                0x0000000000209c80                board_fbt_finalize_bootargs
 .text.board_fbt_boot_failed
                0x0000000000209cf8       0xd8 board/rockchip/common/built-in.o
                0x0000000000209cf8                board_fbt_boot_failed
 .text.board_fbt_oem
                0x0000000000209dd0        0x8 board/rockchip/common/built-in.o
                0x0000000000209dd0                board_fbt_oem
 .text.board_fbt_handle_erase
                0x0000000000209dd8        0x4 board/rockchip/common/built-in.o
                0x0000000000209dd8                board_fbt_handle_erase
 .text.board_fbt_handle_flash
                0x0000000000209ddc        0x4 board/rockchip/common/built-in.o
                0x0000000000209ddc                board_fbt_handle_flash
 .text.board_fbt_handle_download
                0x0000000000209de0        0x4 board/rockchip/common/built-in.o
                0x0000000000209de0                board_fbt_handle_download
 .text.board_fbt_load_partition_table
                0x0000000000209de4        0x4 board/rockchip/common/built-in.o
                0x0000000000209de4                board_fbt_load_partition_table
 .text.board_fbt_get_partition
                0x0000000000209de8        0x4 board/rockchip/common/built-in.o
                0x0000000000209de8                board_fbt_get_partition
 .text.board_fbt_run_recovery_wipe_data
                0x0000000000209dec       0x80 board/rockchip/common/built-in.o
                0x0000000000209dec                board_fbt_run_recovery_wipe_data
 .text.board_fbt_preboot
                0x0000000000209e6c      0x260 board/rockchip/common/built-in.o
                0x0000000000209e6c                board_fbt_preboot
 .text.MMC_AccessBootPartition
                0x000000000020a0cc       0x6c board/rockchip/common/built-in.o
                0x000000000020a0cc                MMC_AccessBootPartition
 .text.MMC_SetBootBusWidth
                0x000000000020a138       0x70 board/rockchip/common/built-in.o
                0x000000000020a138                MMC_SetBootBusWidth
 .text.MMC_SwitchBoot
                0x000000000020a1a8       0x74 board/rockchip/common/built-in.o
                0x000000000020a1a8                MMC_SwitchBoot
 .text.MMC_Init
                0x000000000020a21c      0x6d0 board/rockchip/common/built-in.o
                0x000000000020a21c                MMC_Init
 .text._SD_DecodeCID
                0x000000000020a8ec       0x84 board/rockchip/common/built-in.o
 .text._SD_DecodeCSD
                0x000000000020a970       0xf0 board/rockchip/common/built-in.o
 .text.unlikely._SD_SwitchFunction
                0x000000000020aa60      0x3b4 board/rockchip/common/built-in.o
 .text.SD1X_Init
                0x000000000020ae14      0x1f4 board/rockchip/common/built-in.o
                0x000000000020ae14                SD1X_Init
 .text.SD20_Init
                0x000000000020b008      0x230 board/rockchip/common/built-in.o
                0x000000000020b008                SD20_Init
 .text.unlikely._ReadRemainData
                0x000000000020b238       0xf0 board/rockchip/common/built-in.o
 .text._ControlClock
                0x000000000020b328       0xc4 board/rockchip/common/built-in.o
 .text._ChangeFreq
                0x000000000020b3ec      0x170 board/rockchip/common/built-in.o
 .text._WaitCardBusy
                0x000000000020b55c       0x68 board/rockchip/common/built-in.o
 .text.eMMC_SetDataHigh
                0x000000000020b5c4       0x48 board/rockchip/common/built-in.o
                0x000000000020b5c4                eMMC_SetDataHigh
 .text.SDC_IsCardIdValid
                0x000000000020b60c        0xc board/rockchip/common/built-in.o
                0x000000000020b60c                SDC_IsCardIdValid
 .text.SDC_IsCardWriteProtected
                0x000000000020b618        0x8 board/rockchip/common/built-in.o
                0x000000000020b618                SDC_IsCardWriteProtected
 .text.SDC_GetHostBusWidth
                0x000000000020b620       0x24 board/rockchip/common/built-in.o
                0x000000000020b620                SDC_GetHostBusWidth
 .text.SDC_SetHostBusWidth
                0x000000000020b644       0x78 board/rockchip/common/built-in.o
                0x000000000020b644                SDC_SetHostBusWidth
 .text.SDC_ResetController
                0x000000000020b6bc      0x14c board/rockchip/common/built-in.o
                0x000000000020b6bc                SDC_ResetController
 .text.SDC_Init
                0x000000000020b808      0x130 board/rockchip/common/built-in.o
                0x000000000020b808                SDC_Init
 .text.SDC_UpdateCardFreq
                0x000000000020b938       0x40 board/rockchip/common/built-in.o
                0x000000000020b938                SDC_UpdateCardFreq
 .text.SDC_ControlPower
                0x000000000020b978       0x34 board/rockchip/common/built-in.o
                0x000000000020b978                SDC_ControlPower
 .text.SDC_BusRequest
                0x000000000020b9ac      0xa34 board/rockchip/common/built-in.o
                0x000000000020b9ac                SDC_BusRequest
 .text._ResponseTimeoutHandle
                0x000000000020c3e0       0xd4 board/rockchip/common/built-in.o
 .text._DataErrorHandle
                0x000000000020c4b4       0xc4 board/rockchip/common/built-in.o
 .text._SDMMC_Write
                0x000000000020c578      0x184 board/rockchip/common/built-in.o
 .text._SDMMC_Read
                0x000000000020c6fc      0x1ec board/rockchip/common/built-in.o
 .text._GenerateRCA
                0x000000000020c8e8       0x3c board/rockchip/common/built-in.o
                0x000000000020c8e8                _GenerateRCA
 .text._IsRCAUsable
                0x000000000020c924       0x38 board/rockchip/common/built-in.o
                0x000000000020c924                _IsRCAUsable
 .text._Identify_SendCmd
                0x000000000020c95c        0x4 board/rockchip/common/built-in.o
                0x000000000020c95c                _Identify_SendCmd
 .text._Identify_SendAppCmd
                0x000000000020c960       0x94 board/rockchip/common/built-in.o
                0x000000000020c960                _Identify_SendAppCmd
 .text.SDM_Init
                0x000000000020c9f4       0x60 board/rockchip/common/built-in.o
                0x000000000020c9f4                SDM_Init
 .text.SDM_Open
                0x000000000020ca54       0x68 board/rockchip/common/built-in.o
                0x000000000020ca54                SDM_Open
 .text.SDM_Read
                0x000000000020cabc      0x164 board/rockchip/common/built-in.o
                0x000000000020cabc                SDM_Read
 .text.SDM_Write
                0x000000000020cc20      0x16c board/rockchip/common/built-in.o
                0x000000000020cc20                SDM_Write
 .text.SDM_IOCtrl
                0x000000000020cd8c      0x50c board/rockchip/common/built-in.o
                0x000000000020cd8c                SDM_IOCtrl
 .text.SDOAM_Delay
                0x000000000020d298        0x4 board/rockchip/common/built-in.o
                0x000000000020d298                SDOAM_Delay
 .text.SDOAM_SendMsg
                0x000000000020d29c        0x4 board/rockchip/common/built-in.o
                0x000000000020d29c                SDOAM_SendMsg
 .text.SDOAM_CreateMutex
                0x000000000020d2a0       0x38 board/rockchip/common/built-in.o
                0x000000000020d2a0                SDOAM_CreateMutex
 .text.SDOAM_RequestMutex
                0x000000000020d2d8        0x4 board/rockchip/common/built-in.o
                0x000000000020d2d8                SDOAM_RequestMutex
 .text.SDOAM_ReleaseMutex
                0x000000000020d2dc        0x4 board/rockchip/common/built-in.o
                0x000000000020d2dc                SDOAM_ReleaseMutex
 .text.SDOAM_CreateEvent
                0x000000000020d2e0       0x34 board/rockchip/common/built-in.o
                0x000000000020d2e0                SDOAM_CreateEvent
 .text.SDPAM_FlushCache
                0x000000000020d314        0x4 board/rockchip/common/built-in.o
                0x000000000020d314                SDPAM_FlushCache
 .text.SDPAM_CleanCache
                0x000000000020d318        0x4 board/rockchip/common/built-in.o
                0x000000000020d318                SDPAM_CleanCache
 .text.SDPAM_InvalidateCache
                0x000000000020d31c        0x4 board/rockchip/common/built-in.o
                0x000000000020d31c                SDPAM_InvalidateCache
 .text.SDPAM_GetAHBFreq
                0x000000000020d320        0x4 board/rockchip/common/built-in.o
                0x000000000020d320                SDPAM_GetAHBFreq
 .text.SDPAM_SDCClkEnable
                0x000000000020d324        0x4 board/rockchip/common/built-in.o
                0x000000000020d324                SDPAM_SDCClkEnable
 .text.SDPAM_SDCReset
                0x000000000020d328       0x14 board/rockchip/common/built-in.o
                0x000000000020d328                SDPAM_SDCReset
 .text.SDPAM_SetMmcClkDiv
                0x000000000020d33c       0x14 board/rockchip/common/built-in.o
                0x000000000020d33c                SDPAM_SetMmcClkDiv
 .text.SDPAM_IOMUX_SetSDPort
                0x000000000020d350        0x8 board/rockchip/common/built-in.o
                0x000000000020d350                SDPAM_IOMUX_SetSDPort
 .text.SDPAM_ControlPower
                0x000000000020d358        0x4 board/rockchip/common/built-in.o
                0x000000000020d358                SDPAM_ControlPower
 .text.rpmb_send_cmd
                0x000000000020d35c       0xb8 board/rockchip/common/built-in.o
                0x000000000020d35c                rpmb_send_cmd
 .text.mmc_rpmb_request
                0x000000000020d414       0xc8 board/rockchip/common/built-in.o
 .text.mmc_rpmb_response
                0x000000000020d4dc      0x128 board/rockchip/common/built-in.o
 .text.rpmb_switch_part
                0x000000000020d604       0x94 board/rockchip/common/built-in.o
                0x000000000020d604                rpmb_switch_part
 .text.read_counter
                0x000000000020d698       0x54 board/rockchip/common/built-in.o
                0x000000000020d698                read_counter
 .text.program_key
                0x000000000020d6ec       0x84 board/rockchip/common/built-in.o
                0x000000000020d6ec                program_key
 .text.authenticated_read
                0x000000000020d770       0x60 board/rockchip/common/built-in.o
                0x000000000020d770                authenticated_read
 .text.authenticated_write
                0x000000000020d7d0       0x84 board/rockchip/common/built-in.o
                0x000000000020d7d0                authenticated_write
 .text.init_rpmb
                0x000000000020d854       0x24 board/rockchip/common/built-in.o
                0x000000000020d854                init_rpmb
 .text.finish_rpmb
                0x000000000020d878       0x24 board/rockchip/common/built-in.o
                0x000000000020d878                finish_rpmb
 .text.do_readcounter
                0x000000000020d89c        0xc board/rockchip/common/built-in.o
                0x000000000020d89c                do_readcounter
 .text.do_programkey
                0x000000000020d8a8        0xc board/rockchip/common/built-in.o
                0x000000000020d8a8                do_programkey
 .text.do_authenticatedread
                0x000000000020d8b4       0x14 board/rockchip/common/built-in.o
                0x000000000020d8b4                do_authenticatedread
 .text.do_authenticatedwrite
                0x000000000020d8c8        0xc board/rockchip/common/built-in.o
                0x000000000020d8c8                do_authenticatedwrite
 .text.do_returnmmc
                0x000000000020d8d4       0x44 board/rockchip/common/built-in.o
                0x000000000020d8d4                do_returnmmc
 .text.extract_uint32_bits
                0x000000000020d918       0x60 board/rockchip/common/built-in.o
 .text.mmc_set_clock
                0x000000000020d978       0x34 board/rockchip/common/built-in.o
 .text.mmc_send_cmd
                0x000000000020d9ac      0x1f4 board/rockchip/common/built-in.o
 .text.mmc_send_ext_csd
                0x000000000020dba0      0x11c board/rockchip/common/built-in.o
 .text.mmc_go_idle.constprop.12
                0x000000000020dcbc       0x6c board/rockchip/common/built-in.o
 .text.mmc_send_status.constprop.15
                0x000000000020dd28       0xd4 board/rockchip/common/built-in.o
 .text.mmc_switch.isra.2
                0x000000000020ddfc       0x90 board/rockchip/common/built-in.o
 .text.mmc_set_timing
                0x000000000020de8c       0x1c board/rockchip/common/built-in.o
                0x000000000020de8c                mmc_set_timing
 .text.mmc_startup.constprop.5
                0x000000000020dea8      0xab4 board/rockchip/common/built-in.o
 .text.mmc_hs400_to_hs200
                0x000000000020e95c       0xcc board/rockchip/common/built-in.o
                0x000000000020e95c                mmc_hs400_to_hs200
 .text.mmc_retune
                0x000000000020ea28      0x17c board/rockchip/common/built-in.o
                0x000000000020ea28                mmc_retune
 .text.mmc_setup_media
                0x000000000020eba4      0x208 board/rockchip/common/built-in.o
                0x000000000020eba4                mmc_setup_media
 .text.block_mmc_read
                0x000000000020edac      0x1b4 board/rockchip/common/built-in.o
                0x000000000020edac                block_mmc_read
 .text.block_mmc_write
                0x000000000020ef60      0x178 board/rockchip/common/built-in.o
                0x000000000020ef60                block_mmc_write
 .text.new_mem_sdhci_host
                0x000000000020f0d8       0xe4 board/rockchip/common/built-in.o
                0x000000000020f0d8                new_mem_sdhci_host
 .text.mmc_get_capacity
                0x000000000020f1bc       0x14 board/rockchip/common/built-in.o
                0x000000000020f1bc                mmc_get_capacity
 .text.mmc_init
                0x000000000020f1d0       0x58 board/rockchip/common/built-in.o
                0x000000000020f1d0                mmc_init
 .text.sdhci_enhanced_strobe
                0x000000000020f228       0x24 board/rockchip/common/built-in.o
 .text.sdhci_reset.constprop.18
                0x000000000020f24c       0x7c board/rockchip/common/built-in.o
 .text.sdhci_pre_init.constprop.11
                0x000000000020f2c8      0x224 board/rockchip/common/built-in.o
 .text.sdhci_cmd_done.constprop.17
                0x000000000020f4ec       0x68 board/rockchip/common/built-in.o
 .text.sdhci_init.part.7.constprop.22
                0x000000000020f554      0x160 board/rockchip/common/built-in.o
 .text.sdhci_update
                0x000000000020f6b4       0xe8 board/rockchip/common/built-in.o
 .text.timer_us
                0x000000000020f79c       0x40 board/rockchip/common/built-in.o
                0x000000000020f79c                timer_us
 .text.sdhci_send_command
                0x000000000020f7dc      0x67c board/rockchip/common/built-in.o
 .text.sdhci_execute_tuning
                0x000000000020fe58      0x168 board/rockchip/common/built-in.o
 .text.sdhci_config_phy
                0x000000000020ffc0      0x110 board/rockchip/common/built-in.o
                0x000000000020ffc0                sdhci_config_phy
 .text.sdhci_set_clock.part.9.constprop.19
                0x00000000002100d0      0x12c board/rockchip/common/built-in.o
 .text.sdhci_set_uhs_signaling
                0x00000000002101fc       0xec board/rockchip/common/built-in.o
                0x00000000002101fc                sdhci_set_uhs_signaling
 .text.sdhci_set_ios
                0x00000000002102e8      0x1f0 board/rockchip/common/built-in.o
 .text.add_sdhci
                0x00000000002104d8       0x50 board/rockchip/common/built-in.o
                0x00000000002104d8                add_sdhci
 .text.SdmmcReinit
                0x0000000000210528       0x9c board/rockchip/common/built-in.o
                0x0000000000210528                SdmmcReinit
 .text.SdmmcInit
                0x00000000002105c4      0x180 board/rockchip/common/built-in.o
                0x00000000002105c4                SdmmcInit
 .text.SdmmcDeInit
                0x0000000000210744        0x8 board/rockchip/common/built-in.o
                0x0000000000210744                SdmmcDeInit
 .text.SdmmcBootWritePBA
                0x000000000021074c      0x104 board/rockchip/common/built-in.o
                0x000000000021074c                SdmmcBootWritePBA
 .text.SdmmcBootReadPBA
                0x0000000000210850      0x114 board/rockchip/common/built-in.o
                0x0000000000210850                SdmmcBootReadPBA
 .text.SdmmcBootReadLBA
                0x0000000000210964       0xb8 board/rockchip/common/built-in.o
                0x0000000000210964                SdmmcBootReadLBA
 .text.SdmmcBootWriteLBA
                0x0000000000210a1c       0x40 board/rockchip/common/built-in.o
                0x0000000000210a1c                SdmmcBootWriteLBA
 .text.SdmmcReadID
                0x0000000000210a5c       0x28 board/rockchip/common/built-in.o
                0x0000000000210a5c                SdmmcReadID
 .text.SdmmcReadFlashInfo
                0x0000000000210a84       0xa0 board/rockchip/common/built-in.o
                0x0000000000210a84                SdmmcReadFlashInfo
 .text.SdmmcGetCapacity
                0x0000000000210b24       0x24 board/rockchip/common/built-in.o
                0x0000000000210b24                SdmmcGetCapacity
 .text.SdmmcSysDataLoad
                0x0000000000210b48       0x40 board/rockchip/common/built-in.o
                0x0000000000210b48                SdmmcSysDataLoad
 .text.SdmmcSysDataStore
                0x0000000000210b88       0x40 board/rockchip/common/built-in.o
                0x0000000000210b88                SdmmcSysDataStore
 .text.SdmmcGetFwOffset
                0x0000000000210bc8       0x28 board/rockchip/common/built-in.o
                0x0000000000210bc8                SdmmcGetFwOffset
 .text.SdmmcGetSysOffset
                0x0000000000210bf0       0x28 board/rockchip/common/built-in.o
                0x0000000000210bf0                SdmmcGetSysOffset
 .text.SdmmcBootErase
                0x0000000000210c18        0x8 board/rockchip/common/built-in.o
                0x0000000000210c18                SdmmcBootErase
 .text.SdmmcGetSDCardBootMode
                0x0000000000210c20        0xc board/rockchip/common/built-in.o
                0x0000000000210c20                SdmmcGetSDCardBootMode
 .text.sdhci_block_read
                0x0000000000210c2c       0x3c board/rockchip/common/built-in.o
                0x0000000000210c2c                sdhci_block_read
 .text.sdhci_block_write
                0x0000000000210c68       0x3c board/rockchip/common/built-in.o
                0x0000000000210c68                sdhci_block_write
 .text.SdhciInit
                0x0000000000210ca4       0x60 board/rockchip/common/built-in.o
                0x0000000000210ca4                SdhciInit
 .text.SdhciBootWritePBA
                0x0000000000210d04       0xd4 board/rockchip/common/built-in.o
                0x0000000000210d04                SdhciBootWritePBA
 .text.SdhciBootReadPBA
                0x0000000000210dd8       0xe4 board/rockchip/common/built-in.o
                0x0000000000210dd8                SdhciBootReadPBA
 .text.SdhciBootWriteLBA
                0x0000000000210ebc        0xc board/rockchip/common/built-in.o
                0x0000000000210ebc                SdhciBootWriteLBA
 .text.SdhciBootReadLBA
                0x0000000000210ec8        0xc board/rockchip/common/built-in.o
                0x0000000000210ec8                SdhciBootReadLBA
 .text.SdhciReadID
                0x0000000000210ed4       0x28 board/rockchip/common/built-in.o
                0x0000000000210ed4                SdhciReadID
 .text.SdhciReadFlashInfo
                0x0000000000210efc       0x5c board/rockchip/common/built-in.o
                0x0000000000210efc                SdhciReadFlashInfo
 .text.SdhciGetCapacity
                0x0000000000210f58       0x10 board/rockchip/common/built-in.o
                0x0000000000210f58                SdhciGetCapacity
 .text.SdhciSysDataLoad
                0x0000000000210f68       0x10 board/rockchip/common/built-in.o
                0x0000000000210f68                SdhciSysDataLoad
 .text.SdhciSysDataStore
                0x0000000000210f78       0x10 board/rockchip/common/built-in.o
                0x0000000000210f78                SdhciSysDataStore
 .text.SdhciBootErase
                0x0000000000210f88        0x8 board/rockchip/common/built-in.o
                0x0000000000210f88                SdhciBootErase
 .text.CryptoSHAInit
                0x0000000000210f90       0x5c board/rockchip/common/built-in.o
                0x0000000000210f90                CryptoSHAInit
 .text.CryptoSHAInputByteSwap
                0x0000000000210fec       0x24 board/rockchip/common/built-in.o
                0x0000000000210fec                CryptoSHAInputByteSwap
 .text.CryptoSHAStart
                0x0000000000211010       0x60 board/rockchip/common/built-in.o
                0x0000000000211010                CryptoSHAStart
 .text.CryptoSHAEnd
                0x0000000000211070       0x48 board/rockchip/common/built-in.o
                0x0000000000211070                CryptoSHAEnd
 .text.CryptoRSAStart
                0x00000000002110b8       0xa8 board/rockchip/common/built-in.o
                0x00000000002110b8                CryptoRSAStart
 .text.CryptoRSAEnd
                0x0000000000211160       0x34 board/rockchip/common/built-in.o
                0x0000000000211160                CryptoRSAEnd
 .text.CryptoRSAInit
                0x0000000000211194       0x30 board/rockchip/common/built-in.o
                0x0000000000211194                CryptoRSAInit
 .text.CryptoInit
                0x00000000002111c4        0xc board/rockchip/common/built-in.o
                0x00000000002111c4                CryptoInit
 .text.SecureBootCheck
                0x00000000002111d0       0x58 board/rockchip/common/built-in.o
                0x00000000002111d0                SecureBootCheck
 .text.SecureBootUnlock
                0x0000000000211228       0x54 board/rockchip/common/built-in.o
                0x0000000000211228                SecureBootUnlock
 .text.SecureBootUnlockCheck
                0x000000000021127c       0x10 board/rockchip/common/built-in.o
                0x000000000021127c                SecureBootUnlockCheck
 .text.SecureBootLockLoader
                0x000000000021128c        0x4 board/rockchip/common/built-in.o
                0x000000000021128c                SecureBootLockLoader
 .text.SecureBootSetSysData2Kernel
                0x0000000000211290       0x98 board/rockchip/common/built-in.o
                0x0000000000211290                SecureBootSetSysData2Kernel
 .text.SecureBootImageCheck
                0x0000000000211328       0x18 board/rockchip/common/built-in.o
                0x0000000000211328                SecureBootImageCheck
 .text.SecureBootSecureState2Kernel
                0x0000000000211340       0x30 board/rockchip/common/built-in.o
                0x0000000000211340                SecureBootSecureState2Kernel
 .text.SecureRKModeVerifyLoader
                0x0000000000211370       0xb8 board/rockchip/common/built-in.o
 .text.SecureNSModeVerifyLoader
                0x0000000000211428       0x80 board/rockchip/common/built-in.o
 .text.SecureNSModeBootImageShaCheck
                0x00000000002114a8       0xec board/rockchip/common/built-in.o
 .text.SecureNSModeSignCheck
                0x0000000000211594       0x5c board/rockchip/common/built-in.o
 .text.SecureRKModeVerifyBootImage.part.0
                0x00000000002115f0      0x1dc board/rockchip/common/built-in.o
 .text.SecureModeVerifyLoader
                0x00000000002117cc       0x18 board/rockchip/common/built-in.o
                0x00000000002117cc                SecureModeVerifyLoader
 .text.SecureModeVerifyUbootImage
                0x00000000002117e4      0x274 board/rockchip/common/built-in.o
                0x00000000002117e4                SecureModeVerifyUbootImage
 .text.SecureModeVerifyBootImage
                0x0000000000211a58      0x148 board/rockchip/common/built-in.o
                0x0000000000211a58                SecureModeVerifyBootImage
 .text.SecureModeBootImageCheck
                0x0000000000211ba0      0x118 board/rockchip/common/built-in.o
                0x0000000000211ba0                SecureModeBootImageCheck
 .text.SecureModeRSAKeyCheck
                0x0000000000211cb8       0xf8 board/rockchip/common/built-in.o
                0x0000000000211cb8                SecureModeRSAKeyCheck
 .text.SecureModeLockLoader
                0x0000000000211db0       0x48 board/rockchip/common/built-in.o
                0x0000000000211db0                SecureModeLockLoader
 .text.SecureModeInit
                0x0000000000211df8      0x334 board/rockchip/common/built-in.o
                0x0000000000211df8                SecureModeInit
 .text.FW_ReIntForUpdate
                0x000000000021212c       0x40 board/rockchip/common/built-in.o
                0x000000000021212c                FW_ReIntForUpdate
 .text.FW_SorageLowFormatEn
                0x000000000021216c        0xc board/rockchip/common/built-in.o
                0x000000000021216c                FW_SorageLowFormatEn
 .text.FW_SorageLowFormat
                0x0000000000212178       0x5c board/rockchip/common/built-in.o
                0x0000000000212178                FW_SorageLowFormat
 .text.FW_StorageGetValid
                0x00000000002121d4       0x10 board/rockchip/common/built-in.o
                0x00000000002121d4                FW_StorageGetValid
 .text.FW_GetCurEraseBlock
                0x00000000002121e4       0x28 board/rockchip/common/built-in.o
                0x00000000002121e4                FW_GetCurEraseBlock
 .text.FW_GetTotleBlk
                0x000000000021220c       0x28 board/rockchip/common/built-in.o
                0x000000000021220c                FW_GetTotleBlk
 .text.StorageReadPba
                0x0000000000212234       0x3c board/rockchip/common/built-in.o
                0x0000000000212234                StorageReadPba
 .text.StorageWritePba
                0x0000000000212270       0x3c board/rockchip/common/built-in.o
                0x0000000000212270                StorageWritePba
 .text.StorageReadLba
                0x00000000002122ac       0x3c board/rockchip/common/built-in.o
                0x00000000002122ac                StorageReadLba
 .text.StorageWriteLba
                0x00000000002122e8       0x40 board/rockchip/common/built-in.o
                0x00000000002122e8                StorageWriteLba
 .text.StorageEraseData
                0x0000000000212328       0x38 board/rockchip/common/built-in.o
                0x0000000000212328                StorageEraseData
 .text.StorageGetCapacity
                0x0000000000212360       0x2c board/rockchip/common/built-in.o
                0x0000000000212360                StorageGetCapacity
 .text.StorageSysDataLoad
                0x000000000021238c       0x54 board/rockchip/common/built-in.o
                0x000000000021238c                StorageSysDataLoad
 .text.StorageSysDataStore
                0x00000000002123e0       0x38 board/rockchip/common/built-in.o
                0x00000000002123e0                StorageSysDataStore
 .text.StorageUbootSysDataLoad
                0x0000000000212418        0x8 board/rockchip/common/built-in.o
                0x0000000000212418                StorageUbootSysDataLoad
 .text.StorageUbootSysDataStore
                0x0000000000212420        0x8 board/rockchip/common/built-in.o
                0x0000000000212420                StorageUbootSysDataStore
 .text.StorageVendorSysDataLoad
                0x0000000000212428       0x78 board/rockchip/common/built-in.o
                0x0000000000212428                StorageVendorSysDataLoad
 .text.StorageVendorSysDataStore
                0x00000000002124a0       0x6c board/rockchip/common/built-in.o
                0x00000000002124a0                StorageVendorSysDataStore
 .text.StorageReadFlashInfo
                0x000000000021250c       0x30 board/rockchip/common/built-in.o
                0x000000000021250c                StorageReadFlashInfo
 .text.StorageEraseBlock
                0x000000000021253c       0x48 board/rockchip/common/built-in.o
                0x000000000021253c                StorageEraseBlock
 .text.StorageGetBootMedia
                0x0000000000212584       0x10 board/rockchip/common/built-in.o
                0x0000000000212584                StorageGetBootMedia
 .text.StorageGetSDFwOffset
                0x0000000000212594       0x24 board/rockchip/common/built-in.o
                0x0000000000212594                StorageGetSDFwOffset
 .text.StorageGetSDSysOffset
                0x00000000002125b8       0x24 board/rockchip/common/built-in.o
                0x00000000002125b8                StorageGetSDSysOffset
 .text.StorageReadId
                0x00000000002125dc       0x34 board/rockchip/common/built-in.o
                0x00000000002125dc                StorageReadId
 .text.StorageSDCardUpdateMode
                0x0000000000212610       0x34 board/rockchip/common/built-in.o
                0x0000000000212610                StorageSDCardUpdateMode
 .text.StorageSDCardBootMode
                0x0000000000212644       0x34 board/rockchip/common/built-in.o
                0x0000000000212644                StorageSDCardBootMode
 .text.vendor_storage_init
                0x0000000000212678      0x174 board/rockchip/common/built-in.o
                0x0000000000212678                vendor_storage_init
 .text.StorageInit
                0x00000000002127ec       0xac board/rockchip/common/built-in.o
                0x00000000002127ec                StorageInit
 .text.vendor_storage_read
                0x0000000000212898       0x88 board/rockchip/common/built-in.o
                0x0000000000212898                vendor_storage_read
 .text.vendor_storage_write
                0x0000000000212920      0x15c board/rockchip/common/built-in.o
                0x0000000000212920                vendor_storage_write
 .text.rkclk_set_apll_high
                0x0000000000212a7c        0x4 board/rockchip/rk33xx/built-in.o
                0x0000000000212a7c                rkclk_set_apll_high
 .text.board_lmb_reserve
                0x0000000000212a80       0x50 board/rockchip/rk33xx/built-in.o
                0x0000000000212a80                board_lmb_reserve
 .text.board_storage_init
                0x0000000000212ad0       0x48 board/rockchip/rk33xx/built-in.o
                0x0000000000212ad0                board_storage_init
 .text.board_init
                0x0000000000212b18       0x24 board/rockchip/rk33xx/built-in.o
                0x0000000000212b18                board_init
 .text.checkboard
                0x0000000000212b3c       0x2c board/rockchip/rk33xx/built-in.o
                0x0000000000212b3c                checkboard
 .text.arch_early_init_r
                0x0000000000212b68       0x1c board/rockchip/rk33xx/built-in.o
                0x0000000000212b68                arch_early_init_r
 .text.board_late_init
                0x0000000000212b84      0x174 board/rockchip/rk33xx/built-in.o
                0x0000000000212b84                board_late_init
 .text.ft_board_setup
                0x0000000000212cf8       0x58 board/rockchip/rk33xx/built-in.o
                0x0000000000212cf8                ft_board_setup
 .text.show_boot_progress
                0x0000000000212d50        0x4 common/built-in.o
                0x0000000000212d50                show_boot_progress
 .text.main_loop
                0x0000000000212d54       0x40 common/built-in.o
                0x0000000000212d54                main_loop
 .text.find_cmd_tbl
                0x0000000000212d94       0xc4 common/built-in.o
                0x0000000000212d94                find_cmd_tbl
 .text.find_cmd
                0x0000000000212e58       0x24 common/built-in.o
                0x0000000000212e58                find_cmd
 .text.cmd_usage
                0x0000000000212e7c       0x68 common/built-in.o
                0x0000000000212e7c                cmd_usage
 .text._do_help
                0x0000000000212ee4      0x1a8 common/built-in.o
                0x0000000000212ee4                _do_help
 .text.cmd_process
                0x000000000021308c       0xe0 common/built-in.o
                0x000000000021308c                cmd_process
 .text.dummy    0x000000000021316c        0x4 common/built-in.o
 .text.get_version
                0x0000000000213170        0x8 common/built-in.o
                0x0000000000213170                get_version
 .text.jumptable_init
                0x0000000000213178      0x1a0 common/built-in.o
                0x0000000000213178                jumptable_init
 .text.b_reset  0x0000000000213318       0x18 common/built-in.o
 .text.static_get
                0x0000000000213330       0x1c common/built-in.o
 .text.static_peek
                0x000000000021334c        0xc common/built-in.o
 .text.file_peek
                0x0000000000213358        0xc common/built-in.o
 .text.syntax_err
                0x0000000000213364        0xc common/built-in.o
 .text.free_pipe_list
                0x0000000000213370       0xf8 common/built-in.o
 .text.xmalloc  0x0000000000213468       0x28 common/built-in.o
 .text.xrealloc
                0x0000000000213490       0x28 common/built-in.o
 .text.done_command
                0x00000000002134b8       0x94 common/built-in.o
 .text.done_pipe
                0x000000000021354c       0x70 common/built-in.o
 .text.do_showvar
                0x00000000002135bc      0x124 common/built-in.o
 .text.file_get
                0x00000000002136e0      0x1f8 common/built-in.o
 .text.b_addchr
                0x00000000002138d8       0x90 common/built-in.o
 .text.b_addqchr
                0x0000000000213968       0x58 common/built-in.o
 .text.done_word
                0x00000000002139c0      0x2c0 common/built-in.o
 .text.get_local_var
                0x0000000000213c80       0x90 common/built-in.o
                0x0000000000213c80                get_local_var
 .text.set_local_var
                0x0000000000213d10      0x1a4 common/built-in.o
                0x0000000000213d10                set_local_var
 .text.insert_var_value_sub
                0x0000000000213eb4      0x2bc common/built-in.o
 .text.parse_string_outer
                0x0000000000214170       0xf4 common/built-in.o
                0x0000000000214170                parse_string_outer
 .text.run_list_real
                0x0000000000214264      0x7dc common/built-in.o
 .text.parse_stream_outer
                0x0000000000214a40      0x720 common/built-in.o
 .text.parse_file_outer
                0x0000000000215160       0x44 common/built-in.o
                0x0000000000215160                parse_file_outer
 .text.u_boot_hush_start
                0x00000000002151a4       0x5c common/built-in.o
                0x00000000002151a4                u_boot_hush_start
 .text.run_command
                0x0000000000215200        0x8 common/built-in.o
                0x0000000000215200                run_command
 .text.run_command_list
                0x0000000000215208       0x84 common/built-in.o
                0x0000000000215208                run_command_list
 .text.cli_loop
                0x000000000021528c       0x10 common/built-in.o
                0x000000000021528c                cli_loop
 .text.cli_init
                0x000000000021529c        0x4 common/built-in.o
                0x000000000021529c                cli_init
 .text.delete_char.part.0
                0x00000000002152a0       0xfc common/built-in.o
 .text.cli_readline_into_buffer
                0x000000000021539c      0x1f4 common/built-in.o
                0x000000000021539c                cli_readline_into_buffer
 .text.cli_readline
                0x0000000000215590       0x14 common/built-in.o
                0x0000000000215590                cli_readline
 .text.bootdelay_process
                0x00000000002155a4       0x58 common/built-in.o
                0x00000000002155a4                bootdelay_process
 .text.autoboot_command
                0x00000000002155fc       0xe0 common/built-in.o
                0x00000000002155fc                autoboot_command
 .text.display_text_info
                0x00000000002156dc        0x8 common/built-in.o
 .text.setup_mon_len
                0x00000000002156e4       0x20 common/built-in.o
 .text.setup_fdt
                0x0000000000215704        0x8 common/built-in.o
 .text.reserve_round_4k
                0x000000000021570c       0x14 common/built-in.o
 .text.reserve_mmu
                0x0000000000215720       0x34 common/built-in.o
 .text.reserve_lcd
                0x0000000000215754       0x1c common/built-in.o
 .text.reserve_trace
                0x0000000000215770        0x8 common/built-in.o
 .text.reserve_global_buffers
                0x0000000000215778       0x54 common/built-in.o
 .text.reserve_uboot
                0x00000000002157cc       0x2c common/built-in.o
 .text.reserve_malloc
                0x00000000002157f8       0x18 common/built-in.o
 .text.setup_machine
                0x0000000000215810        0x8 common/built-in.o
 .text.reserve_global_data
                0x0000000000215818       0x1c common/built-in.o
 .text.reserve_fdt
                0x0000000000215834       0x48 common/built-in.o
 .text.display_new_sp
                0x000000000021587c        0x8 common/built-in.o
 .text.initf_malloc
                0x0000000000215884        0x8 common/built-in.o
 .text.initf_dm
                0x000000000021588c        0x8 common/built-in.o
 .text.setup_reloc
                0x0000000000215894       0x30 common/built-in.o
 .text.reloc_fdt
                0x00000000002158c4       0x34 common/built-in.o
 .text.announce_dram_init
                0x00000000002158f8       0x20 common/built-in.o
 .text.init_baud_rate
                0x0000000000215918       0x3c common/built-in.o
 .text.mark_bootstage
                0x0000000000215954       0x1c common/built-in.o
 .text.reserve_board
                0x0000000000215970       0x40 common/built-in.o
 .text.board_add_ram_info
                0x00000000002159b0        0x4 common/built-in.o
                0x00000000002159b0                board_add_ram_info
 .text.show_dram_config
                0x00000000002159b4       0x38 common/built-in.o
 .text.setup_dram_config
                0x00000000002159ec       0x18 common/built-in.o
 .text.board_get_usable_ram_top
                0x0000000000215a04        0x8 common/built-in.o
                0x0000000000215a04                board_get_usable_ram_top
 .text.setup_dest_addr
                0x0000000000215a0c       0x48 common/built-in.o
 .text.reserve_stacks
                0x0000000000215a54       0x1c common/built-in.o
 .text.board_init_f
                0x0000000000215a70       0x4c common/built-in.o
                0x0000000000215a70                board_init_f
 .text.bootstage_relocate
                0x0000000000215abc        0x8 common/built-in.o
 .text.initr_trace
                0x0000000000215ac4        0x8 common/built-in.o
 .text.initr_reloc_global_data
                0x0000000000215acc       0x24 common/built-in.o
 .text.initr_barrier
                0x0000000000215af0        0x8 common/built-in.o
 .text.power_init_board
                0x0000000000215af8        0x8 common/built-in.o
                0x0000000000215af8                power_init_board
 .text.initr_announce
                0x0000000000215b00        0x8 common/built-in.o
 .text.run_main_loop
                0x0000000000215b08       0x10 common/built-in.o
 .text.initr_enable_interrupts
                0x0000000000215b18       0x18 common/built-in.o
 .text.initr_jumptable
                0x0000000000215b30       0x18 common/built-in.o
 .text.initr_env
                0x0000000000215b48       0x3c common/built-in.o
 .text.initr_rk_storage
                0x0000000000215b84       0x18 common/built-in.o
 .text.initr_serial
                0x0000000000215b9c       0x18 common/built-in.o
 .text.initr_malloc
                0x0000000000215bb4       0x2c common/built-in.o
 .text.initr_caches
                0x0000000000215be0       0x18 common/built-in.o
 .text.initr_reloc
                0x0000000000215bf8       0x28 common/built-in.o
 .text.cpu_secondary_init_r
                0x0000000000215c20        0x4 common/built-in.o
                0x0000000000215c20                cpu_secondary_init_r
 .text.initr_secondary_cpu
                0x0000000000215c24       0x18 common/built-in.o
 .text.board_init_r
                0x0000000000215c3c       0x18 common/built-in.o
                0x0000000000215c3c                board_init_r
 .text.show_board_info
                0x0000000000215c54        0x4 common/built-in.o
                0x0000000000215c54                show_board_info
 .text.do_go_exec
                0x0000000000215c58       0x20 common/built-in.o
                0x0000000000215c58                do_go_exec
 .text.do_go    0x0000000000215c78       0x84 common/built-in.o
                0x0000000000215c78                do_go
 .text.do_bootm
                0x0000000000215cfc      0x118 common/built-in.o
                0x0000000000215cfc                do_bootm
 .text.bootm_find_ramdisk_fdt
                0x0000000000215e14       0xb4 common/built-in.o
                0x0000000000215e14                bootm_find_ramdisk_fdt
 .text.do_bootm_states
                0x0000000000215ec8      0x6e4 common/built-in.o
                0x0000000000215ec8                do_bootm_states
 .text.do_bootm_standalone
                0x00000000002165ac       0x74 common/built-in.o
 .text.arch_preboot_os
                0x0000000000216620        0x4 common/built-in.o
                0x0000000000216620                arch_preboot_os
 .text.boot_selected_os
                0x0000000000216624       0x78 common/built-in.o
                0x0000000000216624                boot_selected_os
 .text.bootm_os_get_boot_func
                0x000000000021669c       0x10 common/built-in.o
                0x000000000021669c                bootm_os_get_boot_func
 .text.do_help  0x00000000002166ac       0x3c common/built-in.o
 .text.do_version
                0x00000000002166e8       0x48 common/built-in.o
 .text.env_attr_walk
                0x0000000000216730      0x12c common/built-in.o
                0x0000000000216730                env_attr_walk
 .text.env_attr_lookup
                0x000000000021685c      0x1a4 common/built-in.o
                0x000000000021685c                env_attr_lookup
 .text.clear_callback
                0x0000000000216a00        0xc common/built-in.o
 .text.on_callbacks
                0x0000000000216a0c       0x58 common/built-in.o
 .text.set_callback
                0x0000000000216a64       0xdc common/built-in.o
 .text.env_callback_init
                0x0000000000216b40      0x100 common/built-in.o
                0x0000000000216b40                env_callback_init
 .text.clear_flags
                0x0000000000216c40        0xc common/built-in.o
 .text.on_flags
                0x0000000000216c4c       0x58 common/built-in.o
 .text.env_flags_parse_vartype
                0x0000000000216ca4       0x64 common/built-in.o
                0x0000000000216ca4                env_flags_parse_vartype
 .text.env_flags_parse_varaccess
                0x0000000000216d08       0x60 common/built-in.o
                0x0000000000216d08                env_flags_parse_varaccess
 .text.set_flags
                0x0000000000216d68       0xac common/built-in.o
 .text.env_flags_init
                0x0000000000216e14       0xc8 common/built-in.o
                0x0000000000216e14                env_flags_init
 .text.env_flags_validate
                0x0000000000216edc      0x260 common/built-in.o
                0x0000000000216edc                env_flags_validate
 .text.env_init
                0x000000000021713c       0x1c common/built-in.o
                0x000000000021713c                env_init
 .text.saveenv  0x0000000000217158       0xe8 common/built-in.o
                0x0000000000217158                saveenv
 .text.env_relocate_spec
                0x0000000000217240       0xc8 common/built-in.o
                0x0000000000217240                env_relocate_spec
 .text.do_bmp   0x0000000000217308       0x70 common/built-in.o
 .text.do_bmp_info
                0x0000000000217378      0x108 common/built-in.o
 .text.bmp_display
                0x0000000000217480       0x40 common/built-in.o
                0x0000000000217480                bmp_display
 .text.do_bmp_display
                0x00000000002174c0       0xc0 common/built-in.o
 .text.do_exit  0x0000000000217580       0x34 common/built-in.o
 .text.fdt_valid
                0x00000000002175b4       0xcc common/built-in.o
 .text.is_printable_string.part.1
                0x0000000000217680       0x88 common/built-in.o
 .text.print_data
                0x0000000000217708      0x1e8 common/built-in.o
 .text.set_working_fdt_addr
                0x00000000002178f0       0x18 common/built-in.o
                0x00000000002178f0                set_working_fdt_addr
 .text.do_fdt   0x0000000000217908      0xebc common/built-in.o
 .text.get_cells_len
                0x00000000002187c4       0x44 common/built-in.o
 .text.fdt_pack_reg
                0x0000000000218808       0xcc common/built-in.o
 .text.fdt_find_or_add_subnode.constprop.6
                0x00000000002188d4       0x80 common/built-in.o
 .text.fdt_getprop_u32_default_node
                0x0000000000218954       0x54 common/built-in.o
                0x0000000000218954                fdt_getprop_u32_default_node
 .text.fdt_find_and_setprop
                0x00000000002189a8       0x94 common/built-in.o
                0x00000000002189a8                fdt_find_and_setprop
 .text.fdt_initrd
                0x0000000000218a3c      0x1d0 common/built-in.o
                0x0000000000218a3c                fdt_initrd
 .text.fdt_chosen
                0x0000000000218c0c      0x130 common/built-in.o
                0x0000000000218c0c                fdt_chosen
 .text.do_fixup_by_path
                0x0000000000218d3c       0x4c common/built-in.o
                0x0000000000218d3c                do_fixup_by_path
 .text.do_fixup_by_path_u32
                0x0000000000218d88       0x28 common/built-in.o
                0x0000000000218d88                do_fixup_by_path_u32
 .text.fdt_fixup_memory_banks
                0x0000000000218db0      0x15c common/built-in.o
                0x0000000000218db0                fdt_fixup_memory_banks
 .text.fdt_fixup_memory
                0x0000000000218f0c       0x28 common/built-in.o
                0x0000000000218f0c                fdt_fixup_memory
 .text.fdt_update_reserved_memory
                0x0000000000218f34       0xa0 common/built-in.o
                0x0000000000218f34                fdt_update_reserved_memory
 .text.fdt_fixup_ethernet
                0x0000000000218fd4      0x18c common/built-in.o
                0x0000000000218fd4                fdt_fixup_ethernet
 .text.fdt_shrink_to_minimum
                0x0000000000219160       0xc4 common/built-in.o
                0x0000000000219160                fdt_shrink_to_minimum
 .text.fdt_increase_size
                0x0000000000219224       0x14 common/built-in.o
                0x0000000000219224                fdt_increase_size
 .text.fdt_alloc_phandle
                0x0000000000219238       0x6c common/built-in.o
                0x0000000000219238                fdt_alloc_phandle
 .text.fdt_set_phandle
                0x00000000002192a4       0x6c common/built-in.o
                0x00000000002192a4                fdt_set_phandle
 .text.fdt_set_node_status
                0x0000000000219310       0xe4 common/built-in.o
                0x0000000000219310                fdt_set_node_status
 .text.do_timer_irq
                0x00000000002193f4       0xb0 common/built-in.o
 .text.timer_irq_handler
                0x00000000002194a4       0x54 common/built-in.o
 .text.iomem_show
                0x00000000002194f8       0xbc common/built-in.o
                0x00000000002194f8                iomem_show
 .text.iomem_show_by_match
                0x00000000002195b4      0x120 common/built-in.o
 .text.do_iomem_by_match
                0x00000000002196d4       0x94 common/built-in.o
 .text.fbt_dwc3_rx_handler
                0x0000000000219768       0x30 common/built-in.o
                0x0000000000219768                fbt_dwc3_rx_handler
 .text.fbt_dwc3_tx_handler
                0x0000000000219798       0x30 common/built-in.o
                0x0000000000219798                fbt_dwc3_tx_handler
 .text.getvar_version
                0x00000000002197c8        0xc common/built-in.o
 .text.getvar_version_baseband
                0x00000000002197d4        0xc common/built-in.o
 .text.getvar_version_bootloader
                0x00000000002197e0        0xc common/built-in.o
 .text.getvar_unlocked
                0x00000000002197ec       0x24 common/built-in.o
 .text.getvar_secure
                0x0000000000219810       0x24 common/built-in.o
 .text.getvar_product
                0x0000000000219834        0xc common/built-in.o
 .text.getvar_serialno
                0x0000000000219840        0xc common/built-in.o
 .text.str2wide
                0x000000000021984c       0x98 common/built-in.o
 .text.getvar_checksum
                0x00000000002198e4      0x15c common/built-in.o
 .text.getvar_partition_offset
                0x0000000000219a40       0x60 common/built-in.o
 .text.getvar_partition_size
                0x0000000000219aa0       0x60 common/built-in.o
 .text.getvar_partition_type
                0x0000000000219b00       0x78 common/built-in.o
 .text.fbt_handle_erase
                0x0000000000219b78       0xdc common/built-in.o
 .text.fbt_write_bulk_ep
                0x0000000000219c54       0x1c common/built-in.o
                0x0000000000219c54                fbt_write_bulk_ep
 .text.fbt_handle_response
                0x0000000000219c70       0x94 common/built-in.o
 .text.fbt_send_raw_info
                0x0000000000219d04       0xf4 common/built-in.o
 .text.fbt_handle_reboot
                0x0000000000219df8       0xb8 common/built-in.o
 .text.fbt_read_bulk_ep
                0x0000000000219eb0       0x20 common/built-in.o
                0x0000000000219eb0                fbt_read_bulk_ep
 .text.fbt_event_handler_for_dwc3
                0x0000000000219ed0       0x5c common/built-in.o
                0x0000000000219ed0                fbt_event_handler_for_dwc3
 .text.fbt_init_dwc3_udc_instance
                0x0000000000219f2c      0x1c4 common/built-in.o
                0x0000000000219f2c                fbt_init_dwc3_udc_instance
 .text.do_fastboot
                0x000000000021a0f0      0xae8 common/built-in.o
 .text.fbt_fastboot_init
                0x000000000021abd8      0x12c common/built-in.o
                0x000000000021abd8                fbt_fastboot_init
 .text.board_modify_fdt
                0x000000000021ad04        0x8 common/built-in.o
                0x000000000021ad04                board_modify_fdt
 .text.do_bootrk
                0x000000000021ad0c      0x9ec common/built-in.o
                0x000000000021ad0c                do_bootrk
 .text.dwc3_rx_handler
                0x000000000021b6f8       0x28 common/built-in.o
                0x000000000021b6f8                dwc3_rx_handler
 .text.dwc3_tx_handler
                0x000000000021b720       0x28 common/built-in.o
                0x000000000021b720                dwc3_tx_handler
 .text.rkusb_write_bulk_ep
                0x000000000021b748       0x18 common/built-in.o
                0x000000000021b748                rkusb_write_bulk_ep
 .text.rkusb_read_bulk_ep
                0x000000000021b760       0x1c common/built-in.o
                0x000000000021b760                rkusb_read_bulk_ep
 .text.rkusb_event_handler_for_dwc3
                0x000000000021b77c       0xe0 common/built-in.o
                0x000000000021b77c                rkusb_event_handler_for_dwc3
 .text.rkusb_send_csw
                0x000000000021b85c       0xac common/built-in.o
 .text.init_dwc3_udc_instance
                0x000000000021b908      0x1e0 common/built-in.o
                0x000000000021b908                init_dwc3_udc_instance
 .text.do_rockusb_cmd
                0x000000000021bae8      0x510 common/built-in.o
                0x000000000021bae8                do_rockusb_cmd
 .text.rkusb_handle_datarx
                0x000000000021bff8      0x260 common/built-in.o
                0x000000000021bff8                rkusb_handle_datarx
 .text.rkusb_handle_datatx
                0x000000000021c258      0x318 common/built-in.o
                0x000000000021c258                rkusb_handle_datatx
 .text.do_rockusb
                0x000000000021c570      0x224 common/built-in.o
                0x000000000021c570                do_rockusb
 .text.get_entry_ram
                0x000000000021c794      0x180 common/built-in.o
 .text.get_content_ram
                0x000000000021c914       0x94 common/built-in.o
                0x000000000021c914                get_content_ram
 .text.get_content
                0x000000000021c9a8      0x280 common/built-in.o
                0x000000000021c9a8                get_content
 .text.free_content
                0x000000000021cc28       0x38 common/built-in.o
                0x000000000021cc28                free_content
 .text.load_content_data
                0x000000000021cc60       0x34 common/built-in.o
                0x000000000021cc60                load_content_data
 .text.load_content
                0x000000000021cc94       0x88 common/built-in.o
                0x000000000021cc94                load_content
 .text.get_bmp_header
                0x000000000021cd1c       0xd0 common/built-in.o
                0x000000000021cd1c                get_bmp_header
 .text.load_bmp_content
                0x000000000021cdec       0xbc common/built-in.o
                0x000000000021cdec                load_bmp_content
 .text._show_resource_image
                0x000000000021cea8      0x158 common/built-in.o
                0x000000000021cea8                _show_resource_image
 .text.show_resource_image
                0x000000000021d000       0x14 common/built-in.o
                0x000000000021d000                show_resource_image
 .text.cea_db_offsets
                0x000000000021d014       0x9c common/built-in.o
 .text.drm_add_hdmi_modes
                0x000000000021d0b0       0x3c common/built-in.o
 .text.drm_find_edid_extension
                0x000000000021d0ec       0x50 common/built-in.o
 .text.drm_for_each_detailed_block
                0x000000000021d13c      0x128 common/built-in.o
 .text.cea_mode_alternate_clock
                0x000000000021d264       0x64 common/built-in.o
 .text.drm_mode_equal_no_clocks_no_stereo
                0x000000000021d2c8       0xb8 common/built-in.o
 .text.hdmi_mode_alternate_clock
                0x000000000021d380       0x24 common/built-in.o
 .text.find_gtf2
                0x000000000021d3a4       0x20 common/built-in.o
 .text.drm_match_hdmi_mode
                0x000000000021d3c4       0xb4 common/built-in.o
 .text.snip     0x000000000021d478       0x78 common/built-in.o
 .text.drm_mode_create
                0x000000000021d4f0       0x34 common/built-in.o
 .text.drm_display_mode_from_vic_index
                0x000000000021d524       0x98 common/built-in.o
 .text.drm_mode_destroy
                0x000000000021d5bc        0xc common/built-in.o
 .text.drm_get_vrefresh
                0x000000000021d5c8       0x78 common/built-in.o
 .text.valid_inferred_mode
                0x000000000021d640       0xc8 common/built-in.o
 .text.drm_mode_find_dmt
                0x000000000021d708       0xfc common/built-in.o
 .text.cea_db_is_hdmi_vsdb
                0x000000000021d804       0x48 common/built-in.o
 .text.is_rb    0x000000000021d84c       0x20 common/built-in.o
 .text.drm_monitor_supports_rb
                0x000000000021d86c       0x40 common/built-in.o
 .text.do_established_modes
                0x000000000021d8ac       0xec common/built-in.o
 .text.drm_do_probe_ddc_edid.constprop.21
                0x000000000021d998       0xec common/built-in.o
 .text.bitmap_set.constprop.25
                0x000000000021da84       0x48 common/built-in.o
 .text.drm_gtf_mode_complex.constprop.27
                0x000000000021dacc      0x18c common/built-in.o
 .text.drm_cvt_mode.constprop.30
                0x000000000021dc58      0x2d8 common/built-in.o
 .text.do_cvt_mode
                0x000000000021df30      0x174 common/built-in.o
 .text.do_detailed_mode
                0x000000000021e0a4      0x4b8 common/built-in.o
 .text.drm_edid_block_valid.constprop.22
                0x000000000021e55c      0x118 common/built-in.o
 .text.mode_in_range
                0x000000000021e674      0x220 common/built-in.o
 .text.do_inferred_modes
                0x000000000021e894      0x2b8 common/built-in.o
 .text.drm_mode_std
                0x000000000021eb4c      0x418 common/built-in.o
 .text.do_standard_modes
                0x000000000021ef64       0x88 common/built-in.o
 .text.edid_check_info
                0x000000000021efec       0x60 common/built-in.o
                0x000000000021efec                edid_check_info
 .text.edid_get_drm_mode
                0x000000000021f04c      0x1f0 common/built-in.o
                0x000000000021f04c                edid_get_drm_mode
 .text.edid_print_info
                0x000000000021f23c      0x624 common/built-in.o
                0x000000000021f23c                edid_print_info
 .text.do_cea_modes
                0x000000000021f860       0xd4 common/built-in.o
                0x000000000021f860                do_cea_modes
 .text.drm_detect_hdmi_monitor
                0x000000000021f934       0x8c common/built-in.o
                0x000000000021f934                drm_detect_hdmi_monitor
 .text.drm_detect_monitor_audio
                0x000000000021f9c0       0x98 common/built-in.o
                0x000000000021f9c0                drm_detect_monitor_audio
 .text.drm_match_cea_mode
                0x000000000021fa58       0xc4 common/built-in.o
                0x000000000021fa58                drm_match_cea_mode
 .text.drm_default_rgb_quant_range
                0x000000000021fb1c       0x24 common/built-in.o
                0x000000000021fb1c                drm_default_rgb_quant_range
 .text.drm_add_edid_modes
                0x000000000021fb40     0x1314 common/built-in.o
                0x000000000021fb40                drm_add_edid_modes
 .text.drm_hdmi_avi_infoframe_from_display_mode
                0x0000000000220e54      0x110 common/built-in.o
                0x0000000000220e54                drm_hdmi_avi_infoframe_from_display_mode
 .text.drm_hdmi_avi_infoframe_quant_range
                0x0000000000220f64       0x58 common/built-in.o
                0x0000000000220f64                drm_hdmi_avi_infoframe_quant_range
 .text.drm_hdmi_vendor_infoframe_from_display_mode
                0x0000000000220fbc      0x128 common/built-in.o
                0x0000000000220fbc                drm_hdmi_vendor_infoframe_from_display_mode
 .text.hdmi_vendor_infoframe_pack
                0x00000000002210e4      0x12c common/built-in.o
                0x00000000002210e4                hdmi_vendor_infoframe_pack
 .text.drm_do_get_edid
                0x0000000000221210      0x134 common/built-in.o
                0x0000000000221210                drm_do_get_edid
 .text.drm_scdc_readb
                0x0000000000221344       0x50 common/built-in.o
                0x0000000000221344                drm_scdc_readb
 .text.drm_scdc_writeb
                0x0000000000221394       0x98 common/built-in.o
                0x0000000000221394                drm_scdc_writeb
 .text.lcd_get_size
                0x000000000022142c       0x2c common/built-in.o
                0x000000000022142c                lcd_get_size
 .text.lcd_sync
                0x0000000000221458       0x40 common/built-in.o
                0x0000000000221458                lcd_sync
 .text.lcd_get_buffer
                0x0000000000221498       0x30 common/built-in.o
                0x0000000000221498                lcd_get_buffer
 .text.lcd_enable_logo
                0x00000000002214c8        0xc common/built-in.o
                0x00000000002214c8                lcd_enable_logo
 .text.rk_bitmap_from_resource
                0x00000000002214d4       0x28 common/built-in.o
                0x00000000002214d4                rk_bitmap_from_resource
 .text.bitmap_plot
                0x00000000002214fc      0x114 common/built-in.o
                0x00000000002214fc                bitmap_plot
 .text.lcd_clear
                0x0000000000221610       0xa8 common/built-in.o
                0x0000000000221610                lcd_clear
 .text.drv_lcd_init
                0x00000000002216b8       0x9c common/built-in.o
                0x00000000002216b8                drv_lcd_init
 .text.do_lcd_clear
                0x0000000000221754       0x18 common/built-in.o
 .text.lcd_display_bitmap
                0x000000000022176c      0x794 common/built-in.o
                0x000000000022176c                lcd_display_bitmap
 .text.lcd_display_bitmap_center
                0x0000000000221f00       0xa0 common/built-in.o
                0x0000000000221f00                lcd_display_bitmap_center
 .text.do_env_delete
                0x0000000000221fa0       0xb8 common/built-in.o
 .text.do_env_save
                0x0000000000222058       0x30 common/built-in.o
                0x0000000000222058                do_env_save
 .text.do_env   0x0000000000222088       0x78 common/built-in.o
 .text.env_print
                0x0000000000222100       0xcc common/built-in.o
 .text.do_env_print
                0x00000000002221cc       0xe4 common/built-in.o
 .text.do_env_import
                0x00000000002222b0      0x270 common/built-in.o
 .text.do_env_default
                0x0000000000222520       0x94 common/built-in.o
 .text._do_env_set.isra.1
                0x00000000002225b4      0x1c8 common/built-in.o
 .text.do_env_set
                0x000000000022277c       0x1c common/built-in.o
 .text.setenv   0x0000000000222798       0x54 common/built-in.o
                0x0000000000222798                setenv
 .text.setenv_ulong
                0x00000000002227ec       0x2c common/built-in.o
                0x00000000002227ec                setenv_ulong
 .text.setenv_hex
                0x0000000000222818       0x3c common/built-in.o
                0x0000000000222818                setenv_hex
 .text.do_env_export
                0x0000000000222854      0x250 common/built-in.o
 .text.envmatch
                0x0000000000222aa4       0x88 common/built-in.o
                0x0000000000222aa4                envmatch
 .text.getenv_f
                0x0000000000222b2c       0xec common/built-in.o