dwc3_rk_udc.c:133:12:dwc3_gadget_ep0_enable	0	static
dwc3_rk_udc.c:139:12:dwc3_gadget_ep0_disable	0	static
dwc3_rk_udc.c:1045:12:dwc3_gadget_get_frame	0	static
dwc3_rk_udc.c:1186:12:dwc3_gadget_set_selfpowered	0	static
dwc3_rk_udc.c:2098:13:dwc3_event_buffers_cleanup	0	static
dwc3_rk_udc.c:160:13:dwc3_gadget_ep_free_request	0	static
dwc3_rk_udc.c:1523:13:dwc3_gadget_free_endpoints	48	static
dwc3_rk_udc.c:144:28:dwc3_gadget_ep_alloc_request	32	static
dwc3_rk_udc.c:1901:13:dwc3_free_scratch_buffers	0	static
dwc3_rk_udc.c:1253:12:dwc3_gadget_pullup	48	static
dwc3_rk_udc.c:748:13:dwc3_prepare_trbs	32	static
dwc3_rk_udc.c:1431:12:dwc3_gadget_init_hw_endpoints	96	static
dwc3_rk_udc.c:65:5:usb_gadget_map_request	0	static
dwc3_rk_udc.c:77:6:usb_gadget_unmap_request	0	static
dwc3_rk_udc.c:87:6:usb_gadget_giveback_request	16	static
dwc3_rk_udc.c:99:6:usb_gadget_set_state	0	static
dwc3_rk_udc.c:168:5:dwc3_send_gadget_ep_cmd	48	static
dwc3_rk_udc.c:813:12:__dwc3_gadget_kick_transfer	80	static
dwc3_rk_udc.c:199:13:dwc3_stop_active_transfer.constprop	64	static
dwc3_rk_udc.c:1010:12:dwc3_gadget_ep_queue	48	static
dwc3_rk_udc.c:544:12:__dwc3_gadget_ep_enable.constprop	80	static
dwc3_rk_udc.c:600:12:dwc3_gadget_ep_enable	48	static
dwc3_rk_udc.c:242:6:dwc3_gadget_giveback	64	static
dwc3_rk_udc.c:490:13:dwc3_remove_requests	32	static
dwc3_rk_udc.c:282:12:dwc3_gadget_ep_dequeue	48	static
dwc3_rk_udc.c:2759:13:dwc3_endpoint_transfer_complete	80	static
dwc3_rk_udc.c:327:5:__dwc3_gadget_ep_set_halt	64	static
dwc3_rk_udc.c:512:12:__dwc3_gadget_ep_disable	32	static
dwc3_rk_udc.c:1382:12:dwc3_gadget_stop	32	static
dwc3_rk_udc.c:1291:12:dwc3_gadget_start	64	static
dwc3_rk_udc.c:645:12:dwc3_gadget_ep_disable	32	static
dwc3_rk_udc.c:369:12:dwc3_gadget_ep_set_wedge	0	static
dwc3_rk_udc.c:995:12:dwc3_gadget_ep_set_halt	0	static
dwc3_rk_udc.c:1054:5:dwc3_gadget_set_link_state	48	static
dwc3_rk_udc.c:1106:12:dwc3_gadget_wakeup	48	static
dwc3_rk_udc.c:1550:5:dwc3_gadget_init	48	static
dwc3_rk_udc.c:1811:5:dwc3_send_gadget_generic_command	32	static
dwc3_rk_udc.c:2134:6:dwc3_gadget_exit	32	static
dwc3_rk_udc.c:2152:6:dwc3_uboot_exit	32	static
dwc3_rk_udc.c:2166:5:dwc3_uboot_init	80	static
dwc3_rk_udc.c:3054:6:udc_disconnect	0	static
dwc3_rk_udc.c:3059:5:rk_dwc3_connect	32	static
dwc3_rk_udc.c:3089:6:rk_dwc3_disconnect	0	static
dwc3_rk_udc.c:3096:6:rk_dwc3_startup	48	static
dwc3_rk_udc.c:3142:5:rockusb_clear_feature	48	static
dwc3_rk_udc.c:3167:5:RK_Dwc3ReadBulkEndpoint	32	static
dwc3_rk_udc.c:3188:5:RK_Dwc3WriteBulkEndpoint	48	static
dwc3_rk_udc.c:3209:10:GetVbus	0	static
dwc3_rk_udc.c:3222:6:ClearVbus	0	static
dwc3_rk_udc.c:2284:13:dwc3_gadget_disconnect_interrupt	32	static
dwc3_rk_udc.c:2360:13:dwc3_gadget_reset_interrupt	64	static
dwc3_rk_udc.c:3032:6:dwc3_gadget_uboot_handle_interrupt	128	static
dwc3_rk_udc.c:3049:6:dwc3_uboot_handle_interrupt	0	static
