dw_hdmi.c:205:13:dw_hdmi_writel	0	static
dw_hdmi.c:210:11:dw_hdmi_readl	0	static
dw_hdmi.c:215:13:dw_hdmi_writeb	0	static
dw_hdmi.c:220:11:dw_hdmi_readb	0	static
dw_hdmi.c:235:13:hdmi_modb	64	static
dw_hdmi.c:249:13:hdmi_bus_fmt_is_rgb	0	static
dw_hdmi.c:263:13:hdmi_bus_fmt_is_yuv444	0	static
dw_hdmi.c:277:13:hdmi_bus_fmt_is_yuv422	0	static
dw_hdmi.c:290:13:hdmi_bus_fmt_is_yuv420	0	static
dw_hdmi.c:304:12:hdmi_bus_fmt_color_depth	0	static
dw_hdmi.c:939:1:dw_hdmi_phy_read_hpd	16	static
dw_hdmi.c:1718:13:hdmi_set_cts_n	48	static
dw_hdmi.c:505:12:dw_hdmi_i2c_xfer	112	static
dw_hdmi.c:856:13:rockchip_dw_hdmi_scdc_set_tmds_rate	48	static
dw_hdmi.c:335:12:is_color_space_conversion	32	static
dw_hdmi.c:579:13:dw_hdmi_phy_i2c_write	48	static
dw_hdmi.c:718:5:hdmi_phy_configure_dwc_hdmi_3d_tx	96	static
dw_hdmi.c:1851:6:hdmi_set_clk_regenerator	144	static
dw_hdmi.c:642:13:dw_hdmi_phy_power_off	48	static
dw_hdmi.c:932:13:dw_hdmi_phy_disable	0	static
dw_hdmi.c:915:12:dw_hdmi_phy_init	64	static
dw_hdmi.c:1890:6:dw_hdmi_set_sample_rate	0	static
dw_hdmi.c:2142:5:dw_hdmi_detect_hotplug	16	static
dw_hdmi.c:2263:6:dw_hdmi_audio_enable	0	static
dw_hdmi.c:2269:6:dw_hdmi_audio_disable	0	static
dw_hdmi.c:2275:5:rockchip_dw_hdmi_init	80	static
dw_hdmi.c:2359:6:rockchip_dw_hdmi_deinit	32	static
dw_hdmi.c:2372:5:rockchip_dw_hdmi_prepare	0	static
dw_hdmi.c:2377:5:rockchip_dw_hdmi_enable	208	static
dw_hdmi.c:2394:5:rockchip_dw_hdmi_disable	32	static
dw_hdmi.c:2403:5:rockchip_dw_hdmi_get_timing	96	static
dw_hdmi.c:2475:5:rockchip_dw_hdmi_detect	0	static
dw_hdmi.c:2490:5:rockchip_dw_hdmi_get_edid	0	static
dw_hdmi.c:2501:5:inno_dw_hdmi_phy_init	48	static
dw_hdmi.c:2525:6:inno_dw_hdmi_phy_disable	0	static
dw_hdmi.c:2530:1:inno_dw_hdmi_phy_read_hpd	32	static
dw_hdmi.c:2546:6:inno_dw_hdmi_mode_valid	80	static
