edid.c:2143:1:cea_db_offsets	0	static
edid.c:2235:13:drm_add_hdmi_modes	16	static
edid.c:2826:12:drm_find_edid_extension	0	static
edid.c:3139:1:drm_for_each_detailed_block	112	static
edid.c:3316:1:cea_mode_alternate_clock	0	static
edid.c:3349:6:drm_mode_equal_no_clocks_no_stereo	0	static
edid.c:3420:1:hdmi_mode_alternate_clock	0	static
edid.c:3631:1:find_gtf2	0	static
edid.c:4281:11:drm_match_hdmi_mode	48	static
edid.c:1630:14:snip	32	static
edid.c:1868:33:drm_mode_create	32	static
edid.c:2260:1:drm_display_mode_from_vic_index	32	static
edid.c:1885:13:drm_mode_destroy	0	static
edid.c:1493:12:drm_get_vrefresh	0	static
edid.c:4597:13:valid_inferred_mode	96	static
edid.c:3758:33:drm_mode_find_dmt	80	static
edid.c:2172:13:cea_db_is_hdmi_vsdb	0	static
edid.c:3715:1:is_rb	0	static
edid.c:3726:1:drm_monitor_supports_rb	32	static
edid.c:4233:1:do_established_modes	96	static
edid.c:5381:1:drm_do_probe_ddc_edid.constprop	160	static
edid.c:2284:13:bitmap_set.constprop	0	static
edid.c:3786:1:drm_gtf_mode_complex.constprop	80	static
edid.c:1917:26:drm_cvt_mode.constprop	48	static
edid.c:3605:1:do_cvt_mode	144	static
edid.c:3500:1:do_detailed_mode	160	static
edid.c:4868:6:drm_edid_block_valid.constprop	32	static
edid.c:4568:1:mode_in_range	80	static
edid.c:4706:1:do_inferred_modes	96	static
edid.c:4028:1:drm_mode_std	128	static
edid.c:4140:1:do_standard_modes	64	static
edid.c:1266:5:edid_check_info	32	static
edid.c:1280:5:edid_check_checksum	0	static
edid.c:1291:5:edid_get_ranges	64	static
edid.c:1519:5:edid_get_drm_mode	48	static
edid.c:1567:5:edid_get_timing	48	static
edid.c:1717:6:edid_print_info	96	static
edid.c:2315:5:do_cea_modes	80	static
edid.c:2867:6:drm_detect_hdmi_monitor	64	static
edid.c:2904:6:drm_detect_monitor_audio	48	static
edid.c:5066:4:drm_match_cea_mode	48	static
edid.c:2763:1:drm_default_rgb_quant_range	16	static
edid.c:4980:5:drm_add_edid_modes	256	static
edid.c:5097:1:drm_hdmi_avi_infoframe_from_display_mode	48	static
edid.c:5188:1:drm_hdmi_avi_infoframe_quant_range	48	static
edid.c:5252:1:drm_hdmi_vendor_infoframe_from_display_mode	48	static
edid.c:5317:9:hdmi_vendor_infoframe_pack	48	static
edid.c:5417:5:drm_do_get_edid	96	static
edid.c:5542:4:drm_scdc_readb	64	static
edid.c:5561:4:drm_scdc_writeb	80	static
