rk32_mipi_dsi.c:299:12:rk32_dsi_set_bits	16	static
rk32_mipi_dsi.c:1180:12:rk32_mipi_dsi_is_enable	16	static
rk32_mipi_dsi.c:1207:12:rk32_mipi_dsi_enable_hs_clk	16	static
rk32_mipi_dsi.c:1198:12:rk32_mipi_dsi_enable_command_mode	16	static
rk32_mipi_dsi.c:1189:12:rk32_mipi_dsi_enable_video_mode	16	static
rk32_mipi_dsi.c:1435:12:rk32_mipi_dsi_read_dcs_packet	32	static
rk32_mipi_dsi.c:343:12:rk32_dwc_phy_test_wr.constprop	32	static
rk32_mipi_dsi.c:1502:12:rk32_mipi_dsi_get_id	0	static
rk32_mipi_dsi.c:1215:12:rk32_mipi_dsi_is_active	0	static
rk32_mipi_dsi.c:884:12:rk32_mipi_dsi_host_power_up	48	static
rk32_mipi_dsi.c:1294:12:rk32_mipi_dsi_send_packet	64	static
rk32_mipi_dsi.c:206:5:rk32_mipi_dsi_clk_enable	0	static
rk32_mipi_dsi.c:361:12:rk32_phy_power_up	32	static
rk32_mipi_dsi.c:1081:12:rk_mipi_dsi_init	96	static
rk32_mipi_dsi.c:1478:12:rk32_mipi_dsi_power_up	32	static
rk32_mipi_dsi.c:228:5:rk32_mipi_dsi_clk_disable	0	static
rk32_mipi_dsi.c:1487:12:rk32_mipi_dsi_power_down	32	static
rk32_mipi_dsi.c:1803:5:rk32_dsi_sync	16	static
rk32_mipi_dsi.c:1843:5:rk32_dsi_refresh	96	static
rk32_mipi_dsi.c:1903:5:rk32_dsi_disable	16	static
rk32_mipi_dsi.c:1916:5:rk32_dsi_enable	32	static
rk32_mipi_dsi.c:2061:5:rk_dsi_host_parse_dt	96	static
rk32_mipi_dsi.c:2133:5:rk32_mipi_enable	96	static
