OpteeClientInterface.c:18:10:rk_send_keybox_to_ta	704	static
OpteeClientInterface.c:188:6:test_optee	640	static
OpteeClientInterface.c:280:10:b2hs	0	static
OpteeClientInterface.c:297:10:trusty_read_rollback_index	688	static
OpteeClientInterface.c:382:10:trusty_write_rollback_index	672	static
OpteeClientInterface.c:468:10:trusty_read_permanent_attributes	640	static
OpteeClientInterface.c:550:10:trusty_write_permanent_attributes	656	static
OpteeClientInterface.c:633:10:trusty_read_lock_state	640	static
OpteeClientInterface.c:715:10:trusty_write_lock_state	672	static
OpteeClientInterface.c:798:10:trusty_read_flash_lock_state	640	static
OpteeClientInterface.c:880:10:trusty_write_flash_lock_state	672	static
OpteeClientInterface.c:963:11:read_from_keymaster	656	static
OpteeClientInterface.c:1051:10:write_to_keymaster	672	static
OpteeClientInterface.c:116:5:write_keybox_to_secure_storage	64	static
OpteeClientInterface.c:1138:10:trusty_read_attribute_hash	608	static
OpteeClientInterface.c:1192:10:trusty_write_attribute_hash	608	static
OpteeClientInterface.c:1245:10:notify_optee_rpmb_ta	576	static
OpteeClientInterface.c:1284:10:notify_optee_efuse_ta	576	static
OpteeClientInterface.c:1324:10:trusty_notify_optee_uboot_end	32	static
OpteeClientInterface.c:1332:10:trusty_read_vbootkey_hash	608	static
OpteeClientInterface.c:1385:10:trusty_write_vbootkey_hash	608	static
OpteeClientInterface.c:1438:10:trusty_read_vbootkey_enable_flag	608	static
OpteeClientInterface.c:1496:10:trusty_read_permanent_attributes_flag	640	static
OpteeClientInterface.c:1577:10:trusty_write_permanent_attributes_flag	672	static
