OpteeClientRkFs.c:200:12:rkss_read_patition_tables	48	static
OpteeClientRkFs.c:160:12:rkss_read_multi_sections	64	static
OpteeClientRkFs.c:180:12:rkss_write_multi_sections	64	static
OpteeClientRkFs.c:563:12:rkss_incref_multi_usedflags_sections	592	static
OpteeClientRkFs.c:634:12:rkss_write_empty_ptable	592	static
OpteeClientRkFs.c:344:12:rkss_get_fileinfo_by_index	576	static
OpteeClientRkFs.c:908:12:tee_fs_seek	160	static
OpteeClientRkFs.c:809:12:tee_fs_read	192	static
OpteeClientRkFs.c:375:12:rkss_get_fileinfo_by_name	672	static
OpteeClientRkFs.c:741:12:tee_fs_open	160	static
OpteeClientRkFs.c:1155:12:tee_fs_access	160	static
OpteeClientRkFs.c:982:12:tee_fs_link	416	static
OpteeClientRkFs.c:463:12:rkss_get_dirs_by_name	640	static
OpteeClientRkFs.c:690:12:rkss_write_back_ptable	576	static
OpteeClientRkFs.c:849:12:tee_fs_write	720	static
OpteeClientRkFs.c:942:12:tee_fs_unlink	736	static
OpteeClientRkFs.c:1030:12:tee_fs_rename	160	static
OpteeClientRkFs.c:1188:5:tee_supp_rk_fs_init	592	static
OpteeClientRkFs.c:1253:6:OpteeClientRkFsInit	0	static
OpteeClientRkFs.c:1260:5:tee_supp_rk_fs_process	176	static
